============================================================
  Generated by:           Genus(TM) Synthesis Solution 22.17-s071_1
  Generated on:           Jan 16 2026  08:35:56 pm
  Module:                 topo
  Operating conditions:   PVT_0P9V_125C (balanced_tree)
  Wireload mode:          enclosed
  Area mode:              timing library
============================================================


Path 1: MET (7 ps) Setup Check with Pin MR_reg[3]/CK->D
          Group: clk
     Startpoint: (R) EXMEM_rd_EXMEM_reg[0]/CK
          Clock: (R) clk
       Endpoint: (R) MR_reg[3]/D
          Clock: (R) clk

                     Capture       Launch     
        Clock Edge:+   10000            0     
       Src Latency:+     500          500     
       Net Latency:+       0 (I)        0 (I) 
           Arrival:=   10500          500     
                                              
             Setup:-    -164                  
       Uncertainty:-    1000                  
     Required Time:=    9664                  
      Launch Clock:-     500                  
         Data Path:-    9157                  
             Slack:=       7                  

#----------------------------------------------------------------------------------------------------------------------------------------------------------------------------------
#                                              Timing Point                                                Flags    Arc   Edge   Cell     Fanout Load Trans Delay Arrival Instance 
#                                                                                                                                                (fF)  (ps)  (ps)   (ps)  Location 
#----------------------------------------------------------------------------------------------------------------------------------------------------------------------------------
  EXMEM_rd_EXMEM_reg[0]/CK                                                                                 -       -      R     (arrival)   4352    -  1000     0     500    (-,-) 
  EXMEM_rd_EXMEM_reg[0]/Q                                                                                  -       CK->Q  R     DFFHQX1       15  5.6   125   745    1245    (-,-) 
  g36602/Y                                                                                                 -       A->Y   F     INVX1          2  0.4    41    90    1335    (-,-) 
  g36532/Y                                                                                                 -       B->Y   R     MXI2XL         1  0.2    64    78    1413    (-,-) 
  g36507/Y                                                                                                 -       A->Y   F     NAND2XL        1  0.2    60    89    1501    (-,-) 
  g36505/Y                                                                                                 -       B->Y   R     NOR2XL         1  0.4    60    71    1573    (-,-) 
  g36500/Y                                                                                                 -       B->Y   R     AND2X4        32 13.2   103   208    1781    (-,-) 
  g36499/Y                                                                                                 -       A->Y   F     INVX3         43  9.6   105   106    1887    (-,-) 
  g36446/Y                                                                                                 -       A1->Y  R     AOI21X1        5  3.2   173   171    2058    (-,-) 
  g36410/Y                                                                                                 -       A->Y   F     INVX3         33 12.9   143   157    2216    (-,-) 
  g36188/Y                                                                                                 -       A->Y   R     NAND2X1        2  0.8    65   105    2321    (-,-) 
  g36098/Y                                                                                                 -       A1->Y  F     AOI21X1        2  0.7    90   106    2427    (-,-) 
  g36064/Y                                                                                                 -       B->Y   R     NOR2BX1        1  0.4    52    79    2506    (-,-) 
  g36047/Y                                                                                                 -       B->Y   F     NOR2X1         2  0.7    50    53    2558    (-,-) 
  g36031/Y                                                                                                 -       B->Y   R     NOR2BX1        1  0.4    48    57    2616    (-,-) 
  g36004/Y                                                                                                 -       B->Y   F     NOR2X1         3  1.1    59    55    2671    (-,-) 
  g37068/Y                                                                                                 -       C->Y   R     NOR3X1         1  0.4    80    79    2750    (-,-) 
  g35941/Y                                                                                                 -       B->Y   F     NOR2X1         2  0.7    47    69    2819    (-,-) 
  g35904/Y                                                                                                 -       B0->Y  R     AOI21X1        1  0.8    75    74    2893    (-,-) 
  g35900/Y                                                                                                 -       B0->Y  F     AOI2BB1X2     24  7.0   119   108    3001    (-,-) 
  g37052/Y                                                                                                 -       AN->Y  F     NAND2BX2      19  5.7   191   225    3226    (-,-) 
  g35877/Y                                                                                                 -       C->Y   R     NOR4X1         2  0.8   158   219    3445    (-,-) 
  g35874/Y                                                                                                 -       A->Y   F     INVX1          4  1.2    67   121    3566    (-,-) 
  g35853/Y                                                                                                 -       B->Y   R     NOR2X1         5  1.8   110   102    3668    (-,-) 
  g35820/Y                                                                                                 -       B->Y   R     AND2X1         7  2.4    66   194    3862    (-,-) 
  g35743/Y                                                                                                 -       A1->Y  F     AOI211XL       4  1.3   205   185    4047    (-,-) 
  g35737/Y                                                                                                 -       A->Y   R     INVX1          2  0.8    58   134    4181    (-,-) 
  g35690/Y                                                                                                 -       B1->Y  F     OAI221X1       2  0.6   174   167    4348    (-,-) 
  g37060/Y                                                                                                 -       B0->Y  R     AOI2BB1X1      2  0.6    63   136    4484    (-,-) 
  g36781/Y                                                                                                 -       AN->Y  R     NOR2BX1        1  0.4    50   108    4593    (-,-) 
  g2/Y                                                                                                     -       B->Y   F     NAND2BX1       1  0.3    56    66    4659    (-,-) 
  g37059/Y                                                                                                 -       B0->Y  R     OAI21X1        1  0.4    70    47    4706    (-,-) 
  g35671/Y                                                                                                 -       B->Y   F     NOR3X1         2  1.6    75    85    4791    (-,-) 
  g35669/Y                                                                                                 -       B->Y   R     NOR2X4        28 11.6   157   124    4916    (-,-) 
  g35668/Y                                                                                                 -       A->Y   F     CLKINVX4      40 14.3   124   138    5053    (-,-) 
  g35656/Y                                                                                                 -       B1->Y  R     OAI22X1        1  0.4    89   104    5157    (-,-) 
  EXMEM_fpu_adder_inst_sub_91_23_Y_EXMEM_fpu_adder_inst_sub_66_11_Y_EXMEM_fpu_adder_inst_add_60_19_g1665/Y -       B->Y   F     XOR2XL         2  0.8    53   174    5331    (-,-) 
  EXMEM_fpu_adder_inst_sub_91_23_Y_EXMEM_fpu_adder_inst_sub_66_11_Y_EXMEM_fpu_adder_inst_add_60_19_g1592/Y -       A1->Y  R     OAI21X1        2  0.6    69    77    5408    (-,-) 
  EXMEM_fpu_adder_inst_sub_91_23_Y_EXMEM_fpu_adder_inst_sub_66_11_Y_EXMEM_fpu_adder_inst_add_60_19_g1551/Y -       A->Y   F     INVX1          1  0.4    31    57    5465    (-,-) 
  EXMEM_fpu_adder_inst_sub_91_23_Y_EXMEM_fpu_adder_inst_sub_66_11_Y_EXMEM_fpu_adder_inst_add_60_19_g1549/Y -       A1->Y  R     OAI21X1        2  0.8    76    70    5535    (-,-) 
  EXMEM_fpu_adder_inst_sub_91_23_Y_EXMEM_fpu_adder_inst_sub_66_11_Y_EXMEM_fpu_adder_inst_add_60_19_g1546/Y -       A->Y   F     INVX1          1  0.4    32    61    5596    (-,-) 
  EXMEM_fpu_adder_inst_sub_91_23_Y_EXMEM_fpu_adder_inst_sub_66_11_Y_EXMEM_fpu_adder_inst_add_60_19_g1544/Y -       A1->Y  R     OAI21X1        2  0.8    76    71    5667    (-,-) 
  EXMEM_fpu_adder_inst_sub_91_23_Y_EXMEM_fpu_adder_inst_sub_66_11_Y_EXMEM_fpu_adder_inst_add_60_19_g1543/Y -       A->Y   F     INVX1          1  0.4    32    61    5728    (-,-) 
  EXMEM_fpu_adder_inst_sub_91_23_Y_EXMEM_fpu_adder_inst_sub_66_11_Y_EXMEM_fpu_adder_inst_add_60_19_g1541/Y -       A1->Y  R     OAI21X1        3  0.8    76    71    5799    (-,-) 
  EXMEM_fpu_adder_inst_sub_91_23_Y_EXMEM_fpu_adder_inst_sub_66_11_Y_EXMEM_fpu_adder_inst_add_60_19_g1673/Y -       AN->Y  R     NOR2BX1        1  0.4    48   115    5914    (-,-) 
  EXMEM_fpu_adder_inst_sub_91_23_Y_EXMEM_fpu_adder_inst_sub_66_11_Y_EXMEM_fpu_adder_inst_add_60_19_g1538/Y -       B->Y   F     NOR2X1         2  0.6    45    49    5963    (-,-) 
  EXMEM_fpu_adder_inst_sub_91_23_Y_EXMEM_fpu_adder_inst_sub_66_11_Y_EXMEM_fpu_adder_inst_add_60_19_g2/Y    -       A1->Y  F     OA21X1         2  0.8    39   134    6097    (-,-) 
  EXMEM_fpu_adder_inst_sub_91_23_Y_EXMEM_fpu_adder_inst_sub_66_11_Y_EXMEM_fpu_adder_inst_add_60_19_g1530/Y -       A1->Y  R     OAI21X1        3  1.0    85    80    6177    (-,-) 
  EXMEM_fpu_adder_inst_sub_91_23_Y_EXMEM_fpu_adder_inst_sub_66_11_Y_EXMEM_fpu_adder_inst_add_60_19_g1529/Y -       B->Y   F     NAND2X1        2  0.5    68    91    6268    (-,-) 
  g37085/Y                                                                                                 -       C->Y   R     NOR3X1         1  0.4    80    84    6352    (-,-) 
  EXMEM_fpu_adder_inst_sub_91_23_Y_EXMEM_fpu_adder_inst_sub_66_11_Y_EXMEM_fpu_adder_inst_add_60_19_g1523/Y -       B->Y   F     NOR2X1         3  1.1    56    75    6427    (-,-) 
  g37084/Y                                                                                                 -       C->Y   R     NOR3X1         1  0.4    79    78    6504    (-,-) 
  EXMEM_fpu_adder_inst_sub_91_23_Y_EXMEM_fpu_adder_inst_sub_66_11_Y_EXMEM_fpu_adder_inst_add_60_19_g1517/Y -       B->Y   F     NOR2X1         2  0.8    51    70    6575    (-,-) 
  EXMEM_fpu_adder_inst_sub_91_23_Y_EXMEM_fpu_adder_inst_sub_66_11_Y_EXMEM_fpu_adder_inst_add_60_19_g1513/Y -       A1->Y  R     OAI21X1        2  0.6    69    76    6651    (-,-) 
  EXMEM_fpu_adder_inst_sub_91_23_Y_EXMEM_fpu_adder_inst_sub_66_11_Y_EXMEM_fpu_adder_inst_add_60_19_g1510/Y -       A1N->Y R     OAI2BB1X1      3  0.8    43   148    6799    (-,-) 
  EXMEM_fpu_adder_inst_sub_91_23_Y_EXMEM_fpu_adder_inst_sub_66_11_Y_EXMEM_fpu_adder_inst_add_60_19_g1671/Y -       AN->Y  R     NOR2BX1        2  0.8    65   109    6908    (-,-) 
  EXMEM_fpu_adder_inst_sub_91_23_Y_EXMEM_fpu_adder_inst_sub_66_11_Y_EXMEM_fpu_adder_inst_add_60_19_g1504/Y -       A1->Y  F     AOI21X1        3  1.0   106   115    7023    (-,-) 
  EXMEM_fpu_adder_inst_sub_91_23_Y_EXMEM_fpu_adder_inst_sub_66_11_Y_EXMEM_fpu_adder_inst_add_60_19_g1497/Y -       C->Y   R     NOR3X1         1  0.4    82   103    7126    (-,-) 
  EXMEM_fpu_adder_inst_sub_91_23_Y_EXMEM_fpu_adder_inst_sub_66_11_Y_EXMEM_fpu_adder_inst_add_60_19_g1496/Y -       B->Y   F     NOR2X1         2  0.8    49    72    7198    (-,-) 
  EXMEM_fpu_adder_inst_sub_91_23_Y_EXMEM_fpu_adder_inst_sub_66_11_Y_EXMEM_fpu_adder_inst_add_60_19_g1492/Y -       A1->Y  R     OAI21X1        2  0.8    78    80    7278    (-,-) 
  EXMEM_fpu_adder_inst_sub_91_23_Y_EXMEM_fpu_adder_inst_sub_66_11_Y_EXMEM_fpu_adder_inst_add_60_19_g1491/Y -       A->Y   F     INVX1          1  0.4    33    62    7340    (-,-) 
  EXMEM_fpu_adder_inst_sub_91_23_Y_EXMEM_fpu_adder_inst_sub_66_11_Y_EXMEM_fpu_adder_inst_add_60_19_g1489/Y -       A1->Y  R     OAI21X1        2  0.6    67    66    7406    (-,-) 
  EXMEM_fpu_adder_inst_sub_91_23_Y_EXMEM_fpu_adder_inst_sub_66_11_Y_EXMEM_fpu_adder_inst_add_60_19_g1486/Y -       B->Y   F     NOR2X1         4  1.3    81    70    7476    (-,-) 
  EXMEM_fpu_adder_inst_sub_91_23_Y_EXMEM_fpu_adder_inst_sub_66_11_Y_EXMEM_fpu_adder_inst_add_60_19_g1669/Y -       B->Y   F     OR2X1          5  1.3    49   137    7614    (-,-) 
  g22215/Y                                                                                                 -       AN->Y  F     NAND2BX1       5  2.2   154   154    7768    (-,-) 
  g21463/Y                                                                                                 -       A->Y   R     INVX2         24  9.4   126   141    7909    (-,-) 
  g22145/Y                                                                                                 -       B->Y   F     NOR2X1         2  0.4    51    93    8002    (-,-) 
  g22138/Y                                                                                                 -       B->Y   R     NOR2XL         1  0.2    46    57    8059    (-,-) 
  g22137/Y                                                                                                 -       A->Y   R     OR2X1         20  8.4   185   179    8238    (-,-) 
  EXMEM_fpu_adder_inst_sll_108_12_g2226/Y                                                                  -       A->Y   F     INVX2         23  9.0   151   172    8410    (-,-) 
  EXMEM_fpu_adder_inst_sll_108_12_g2199/Y                                                                  -       B->Y   R     NAND2X1        2  0.4    46   102    8512    (-,-) 
  EXMEM_fpu_adder_inst_sll_108_12_g2177/Y                                                                  -       B->Y   F     NOR2XL         2  0.5    78    56    8568    (-,-) 
  g37045/Y                                                                                                 -       B->Y   R     NAND2BX1       1  0.4    34    60    8628    (-,-) 
  g29746/Y                                                                                                 -       A1->Y  F     OAI211X1       1  0.2   118   111    8739    (-,-) 
  g29744/Y                                                                                                 -       C0->Y  R     AOI211XL       1  0.4   111   136    8874    (-,-) 
  g29743/Y                                                                                                 -       B0->Y  F     OAI2BB1X1      3  0.7    80   122    8997    (-,-) 
  g29742/Y                                                                                                 -       AN->Y  F     NAND2BX1       4  1.3   108   141    9138    (-,-) 
  g22021/Y                                                                                                 -       C->Y   F     OR3XL          2  0.7    49   175    9313    (-,-) 
  g22020/Y                                                                                                 -       B->Y   R     XNOR2X1        1  0.4    27   170    9483    (-,-) 
  EXMEM_dmemory_mem_inst/g77__2398/Y                                                                       -       B->Y   R     XOR2XL         1  0.2    22   117    9600    (-,-) 
  g36832/Y                                                                                                 -       B->Y   R     OR2XL          1  0.3    23    57    9657    (-,-) 
  MR_reg[3]/D                                                                                              <<<     -      R     DFFHQX1        1    -     -     0    9657    (-,-) 
#----------------------------------------------------------------------------------------------------------------------------------------------------------------------------------

