============================================================
  Generated by:           Genus(TM) Synthesis Solution 22.17-s071_1
  Generated on:           Jan 16 2026  08:35:01 pm
  Module:                 topo
  Operating conditions:   PVT_0P9V_125C (balanced_tree)
  Wireload mode:          enclosed
  Area mode:              timing library
============================================================


Path 1: MET (949 ps) Setup Check with Pin MR_reg[3]/clk->d
          Group: clk
     Startpoint: (R) EXMEM_rd_EXMEM_reg[1]/clk
          Clock: (R) clk
       Endpoint: (R) MR_reg[3]/d
          Clock: (R) clk

                     Capture       Launch     
        Clock Edge:+   10000            0     
       Src Latency:+     500          500     
       Net Latency:+       0 (I)        0 (I) 
           Arrival:=   10500          500     
                                              
             Setup:-     119                  
       Uncertainty:-    1000                  
     Required Time:=    9381                  
      Launch Clock:-     500                  
         Data Path:-    7932                  
             Slack:=     949                  

#-------------------------------------------------------------------------------------------------------------------------------------------------------------------------------------------
#                                              Timing Point                                                Flags    Arc    Edge       Cell         Fanout Load Trans Delay Arrival Instance 
#                                                                                                                                                         (fF)  (ps)  (ps)   (ps)  Location 
#-------------------------------------------------------------------------------------------------------------------------------------------------------------------------------------------
  EXMEM_rd_EXMEM_reg[1]/clk                                                                                -       -       R     (arrival)           2370    -  1000     0     500    (-,-) 
  EXMEM_rd_EXMEM_reg[1]/q                                                                                  (u)     clk->q  R     unmapped_d_flop       13 13.0     0   366     866    (-,-) 
  g21310/z                                                                                                 (u)     in_1->z R     unmapped_or2           1  1.0     0    60     926    (-,-) 
  g21202/z                                                                                                 (u)     in_1->z R     unmapped_or2           1  1.0     0    60     986    (-,-) 
  g21159/z                                                                                                 (u)     in_1->z R     unmapped_or2           1  1.0     0    60    1047    (-,-) 
  g21158/z                                                                                                 (u)     in_0->z F     unmapped_nand2         2  2.0     0    70    1116    (-,-) 
  g21157/z                                                                                                 (u)     in_0->z F     unmapped_complex2      1  1.0     0    60    1176    (-,-) 
  g21155/z                                                                                                 (u)     in_0->z F     unmapped_or2           1  1.0     0    60    1236    (-,-) 
  g21150/z                                                                                                 (u)     in_1->z F     unmapped_or2          74  9.0     0   141    1377    (-,-) 
  g21379/z                                                                                                 (u)     in_0->z F     unmapped_complex2      2  2.0     0    70    1447    (-,-) 
  g20929/z                                                                                                 (u)     in_1->z R     unmapped_nand2        59  8.0     0   136    1583    (-,-) 
  g10914/z                                                                                                 (u)     in_0->z F     unmapped_complex2      3  3.0     0    76    1659    (-,-) 
  g20786/z                                                                                                 (u)     in_1->z R     unmapped_nand2         1  1.0     0    60    1719    (-,-) 
  g20613/z                                                                                                 (u)     in_1->z F     unmapped_nand2         3  3.0     0    76    1795    (-,-) 
  g20548/z                                                                                                 (u)     in_1->z R     unmapped_nand2         1  1.0     0    60    1855    (-,-) 
  g20333/z                                                                                                 (u)     in_1->z F     unmapped_nand2         3  3.0     0    76    1931    (-,-) 
  g20284/z                                                                                                 (u)     in_1->z R     unmapped_nand2         1  1.0     0    60    1991    (-,-) 
  g20218/z                                                                                                 (u)     in_1->z F     unmapped_nand2         3  3.0     0    76    2067    (-,-) 
  g20114/z                                                                                                 (u)     in_1->z R     unmapped_nand2         1  1.0     0    60    2127    (-,-) 
  g20031/z                                                                                                 (u)     in_1->z F     unmapped_nand2         3  3.0     0    76    2203    (-,-) 
  g20009/z                                                                                                 (u)     in_1->z R     unmapped_nand2         1  1.0     0    60    2263    (-,-) 
  g19987/z                                                                                                 (u)     in_1->z F     unmapped_nand2         3  3.0     0    76    2339    (-,-) 
  g19963/z                                                                                                 (u)     in_1->z R     unmapped_nand2         1  1.0     0    60    2399    (-,-) 
  g19946/z                                                                                                 (u)     in_0->z F     unmapped_nand2         3  3.0     0    76    2475    (-,-) 
  g19941/z                                                                                                 (u)     in_0->z R     unmapped_nand2         1  1.0     0    60    2535    (-,-) 
  g19939/z                                                                                                 (u)     in_0->z F     unmapped_nand2        29 29.0     0   149    2684    (-,-) 
  g19917/z                                                                                                 (u)     in_0->z R     unmapped_nand2        36  6.0     0   122    2806    (-,-) 
  g19891/z                                                                                                 (u)     in_1->z R     unmapped_or2           7  7.0     0    97    2903    (-,-) 
  g19881/z                                                                                                 (u)     in_1->z R     unmapped_or2           6  6.0     0    92    2995    (-,-) 
  g19847/z                                                                                                 (u)     in_1->z R     unmapped_or2           5  5.0     0    88    3083    (-,-) 
  g19740/z                                                                                                 (u)     in_0->z R     unmapped_complex2      1  1.0     0    60    3143    (-,-) 
  g19696/z                                                                                                 (u)     in_1->z F     unmapped_nand2         1  1.0     0    60    3203    (-,-) 
  g19648/z                                                                                                 (u)     in_0->z F     unmapped_complex2      1  1.0     0    60    3263    (-,-) 
  g19625/z                                                                                                 (u)     in_1->z F     unmapped_or2           5  5.0     0    88    3351    (-,-) 
  g19595/z                                                                                                 (u)     in_1->z F     unmapped_complex2      1  1.0     0    60    3411    (-,-) 
  g19572/z                                                                                                 (u)     in_1->z R     unmapped_nand2         1  1.0     0    60    3471    (-,-) 
  g19565/z                                                                                                 (u)     in_0->z R     unmapped_complex2      1  1.0     0    60    3531    (-,-) 
  g19560/z                                                                                                 (u)     in_1->z R     unmapped_complex2      1  1.0     0    60    3592    (-,-) 
  g19557/z                                                                                                 (u)     in_0->z F     unmapped_complex2      1  1.0     0    60    3652    (-,-) 
  g19555/z                                                                                                 (u)     in_0->z R     unmapped_complex2      1  1.0     0    60    3712    (-,-) 
  g19554/z                                                                                                 (u)     in_0->z F     unmapped_complex2      1  1.0     0    60    3772    (-,-) 
  g19553/z                                                                                                 (u)     in_0->z R     unmapped_complex2      1  1.0     0    60    3832    (-,-) 
  g19552/z                                                                                                 (u)     in_0->z F     unmapped_complex2      1  1.0     0    60    3892    (-,-) 
  g19551/z                                                                                                 (u)     in_0->z R     unmapped_complex2      1  1.0     0    60    3952    (-,-) 
  g19550/z                                                                                                 (u)     in_0->z F     unmapped_complex2      2  2.0     0    70    4022    (-,-) 
  g13301/z                                                                                                 (u)     in_0->z R     unmapped_complex2     95 10.0     0   146    4167    (-,-) 
  g19543/z                                                                                                 (u)     in_0->z F     unmapped_nand2         1  1.0     0    60    4228    (-,-) 
  g19441/z                                                                                                 (u)     in_1->z R     unmapped_nand2         2  2.0     0    70    4297    (-,-) 
  EXMEM_fpu_adder_inst_sub_91_23_Y_EXMEM_fpu_adder_inst_sub_66_11_Y_EXMEM_fpu_adder_inst_add_60_19/g1410/z (u)     in_0->z F     unmapped_complex2      1  1.0     0    60    4357    (-,-) 
  EXMEM_fpu_adder_inst_sub_91_23_Y_EXMEM_fpu_adder_inst_sub_66_11_Y_EXMEM_fpu_adder_inst_add_60_19/g1411/z (u)     in_1->z R     unmapped_nand2         3  3.0     0    76    4433    (-,-) 
  EXMEM_fpu_adder_inst_sub_91_23_Y_EXMEM_fpu_adder_inst_sub_66_11_Y_EXMEM_fpu_adder_inst_add_60_19/g1384/z (u)     in_1->z F     unmapped_nand2         1  1.0     0    60    4493    (-,-) 
  EXMEM_fpu_adder_inst_sub_91_23_Y_EXMEM_fpu_adder_inst_sub_66_11_Y_EXMEM_fpu_adder_inst_add_60_19/g1365/z (u)     in_0->z R     unmapped_nand2         3  3.0     0    76    4569    (-,-) 
  EXMEM_fpu_adder_inst_sub_91_23_Y_EXMEM_fpu_adder_inst_sub_66_11_Y_EXMEM_fpu_adder_inst_add_60_19/g1335/z (u)     in_1->z F     unmapped_nand2         1  1.0     0    60    4629    (-,-) 
  EXMEM_fpu_adder_inst_sub_91_23_Y_EXMEM_fpu_adder_inst_sub_66_11_Y_EXMEM_fpu_adder_inst_add_60_19/g1325/z (u)     in_0->z R     unmapped_nand2         3  3.0     0    76    4705    (-,-) 
  EXMEM_fpu_adder_inst_sub_91_23_Y_EXMEM_fpu_adder_inst_sub_66_11_Y_EXMEM_fpu_adder_inst_add_60_19/g1318/z (u)     in_1->z F     unmapped_nand2         1  1.0     0    60    4765    (-,-) 
  EXMEM_fpu_adder_inst_sub_91_23_Y_EXMEM_fpu_adder_inst_sub_66_11_Y_EXMEM_fpu_adder_inst_add_60_19/g1316/z (u)     in_1->z R     unmapped_nand2         3  3.0     0    76    4841    (-,-) 
  EXMEM_fpu_adder_inst_sub_91_23_Y_EXMEM_fpu_adder_inst_sub_66_11_Y_EXMEM_fpu_adder_inst_add_60_19/g1314/z (u)     in_1->z F     unmapped_nand2         1  1.0     0    60    4901    (-,-) 
  EXMEM_fpu_adder_inst_sub_91_23_Y_EXMEM_fpu_adder_inst_sub_66_11_Y_EXMEM_fpu_adder_inst_add_60_19/g1308/z (u)     in_0->z R     unmapped_nand2         4  4.0     0    82    4983    (-,-) 
  EXMEM_fpu_adder_inst_sub_91_23_Y_EXMEM_fpu_adder_inst_sub_66_11_Y_EXMEM_fpu_adder_inst_add_60_19/g1303/z (u)     in_0->z F     unmapped_complex2      1  1.0     0    60    5043    (-,-) 
  EXMEM_fpu_adder_inst_sub_91_23_Y_EXMEM_fpu_adder_inst_sub_66_11_Y_EXMEM_fpu_adder_inst_add_60_19/g1302/z (u)     in_0->z R     unmapped_complex2      3  3.0     0    76    5119    (-,-) 
  EXMEM_fpu_adder_inst_sub_91_23_Y_EXMEM_fpu_adder_inst_sub_66_11_Y_EXMEM_fpu_adder_inst_add_60_19/g1294/z (u)     in_1->z F     unmapped_nand2         1  1.0     0    60    5179    (-,-) 
  EXMEM_fpu_adder_inst_sub_91_23_Y_EXMEM_fpu_adder_inst_sub_66_11_Y_EXMEM_fpu_adder_inst_add_60_19/g1293/z (u)     in_1->z R     unmapped_nand2         3  3.0     0    76    5255    (-,-) 
  EXMEM_fpu_adder_inst_sub_91_23_Y_EXMEM_fpu_adder_inst_sub_66_11_Y_EXMEM_fpu_adder_inst_add_60_19/g1289/z (u)     in_0->z F     unmapped_nand2         1  1.0     0    60    5315    (-,-) 
  EXMEM_fpu_adder_inst_sub_91_23_Y_EXMEM_fpu_adder_inst_sub_66_11_Y_EXMEM_fpu_adder_inst_add_60_19/g1288/z (u)     in_0->z R     unmapped_nand2         4  4.0     0    82    5397    (-,-) 
  EXMEM_fpu_adder_inst_sub_91_23_Y_EXMEM_fpu_adder_inst_sub_66_11_Y_EXMEM_fpu_adder_inst_add_60_19/g1283/z (u)     in_0->z F     unmapped_complex2      2  2.0     0    70    5467    (-,-) 
  EXMEM_fpu_adder_inst_sub_91_23_Y_EXMEM_fpu_adder_inst_sub_66_11_Y_EXMEM_fpu_adder_inst_add_60_19/g1282/z (u)     in_0->z F     unmapped_or2           1  1.0     0    60    5527    (-,-) 
  EXMEM_fpu_adder_inst_sub_91_23_Y_EXMEM_fpu_adder_inst_sub_66_11_Y_EXMEM_fpu_adder_inst_add_60_19/g1275/z (u)     in_0->z R     unmapped_complex2      4  4.0     0    82    5609    (-,-) 
  EXMEM_fpu_adder_inst_sub_91_23_Y_EXMEM_fpu_adder_inst_sub_66_11_Y_EXMEM_fpu_adder_inst_add_60_19/g1268/z (u)     in_0->z F     unmapped_complex2      1  1.0     0    60    5669    (-,-) 
  EXMEM_fpu_adder_inst_sub_91_23_Y_EXMEM_fpu_adder_inst_sub_66_11_Y_EXMEM_fpu_adder_inst_add_60_19/g1265/z (u)     in_0->z R     unmapped_complex2      3  3.0     0    76    5745    (-,-) 
  EXMEM_fpu_adder_inst_sub_91_23_Y_EXMEM_fpu_adder_inst_sub_66_11_Y_EXMEM_fpu_adder_inst_add_60_19/g1260/z (u)     in_1->z F     unmapped_nand2         1  1.0     0    60    5805    (-,-) 
  EXMEM_fpu_adder_inst_sub_91_23_Y_EXMEM_fpu_adder_inst_sub_66_11_Y_EXMEM_fpu_adder_inst_add_60_19/g1253/z (u)     in_1->z R     unmapped_nand2         3  3.0     0    76    5881    (-,-) 
  EXMEM_fpu_adder_inst_sub_91_23_Y_EXMEM_fpu_adder_inst_sub_66_11_Y_EXMEM_fpu_adder_inst_add_60_19/g1249/z (u)     in_1->z F     unmapped_nand2         1  1.0     0    60    5941    (-,-) 
  EXMEM_fpu_adder_inst_sub_91_23_Y_EXMEM_fpu_adder_inst_sub_66_11_Y_EXMEM_fpu_adder_inst_add_60_19/g1248/z (u)     in_1->z R     unmapped_nand2         4  4.0     0    82    6023    (-,-) 
  EXMEM_fpu_adder_inst_sub_91_23_Y_EXMEM_fpu_adder_inst_sub_66_11_Y_EXMEM_fpu_adder_inst_add_60_19/g1244/z (u)     in_0->z F     unmapped_complex2      2  2.0     0    70    6092    (-,-) 
  EXMEM_fpu_adder_inst_sub_91_23_Y_EXMEM_fpu_adder_inst_sub_66_11_Y_EXMEM_fpu_adder_inst_add_60_19/g1240/z (u)     in_0->z F     unmapped_or2           1  1.0     0    60    6152    (-,-) 
  EXMEM_fpu_adder_inst_sub_91_23_Y_EXMEM_fpu_adder_inst_sub_66_11_Y_EXMEM_fpu_adder_inst_add_60_19/g1232/z (u)     in_0->z R     unmapped_complex2      4  4.0     0    82    6234    (-,-) 
  EXMEM_fpu_adder_inst_sub_91_23_Y_EXMEM_fpu_adder_inst_sub_66_11_Y_EXMEM_fpu_adder_inst_add_60_19/g1230/z (u)     in_0->z F     unmapped_complex2      1  1.0     0    60    6295    (-,-) 
  EXMEM_fpu_adder_inst_sub_91_23_Y_EXMEM_fpu_adder_inst_sub_66_11_Y_EXMEM_fpu_adder_inst_add_60_19/g1221/z (u)     in_0->z R     unmapped_complex2      3  3.0     0    76    6370    (-,-) 
  EXMEM_fpu_adder_inst_sub_91_23_Y_EXMEM_fpu_adder_inst_sub_66_11_Y_EXMEM_fpu_adder_inst_add_60_19/g1220/z (u)     in_1->z F     unmapped_nand2         1  1.0     0    60    6431    (-,-) 
  EXMEM_fpu_adder_inst_sub_91_23_Y_EXMEM_fpu_adder_inst_sub_66_11_Y_EXMEM_fpu_adder_inst_add_60_19/g1213/z (u)     in_1->z R     unmapped_nand2         3  3.0     0    76    6506    (-,-) 
  EXMEM_fpu_adder_inst_sub_91_23_Y_EXMEM_fpu_adder_inst_sub_66_11_Y_EXMEM_fpu_adder_inst_add_60_19/g1209/z (u)     in_1->z F     unmapped_nand2         1  1.0     0    60    6567    (-,-) 
  EXMEM_fpu_adder_inst_sub_91_23_Y_EXMEM_fpu_adder_inst_sub_66_11_Y_EXMEM_fpu_adder_inst_add_60_19/g1208/z (u)     in_1->z R     unmapped_nand2         2  2.0     0    70    6636    (-,-) 
  EXMEM_fpu_adder_inst_sub_91_23_Y_EXMEM_fpu_adder_inst_sub_66_11_Y_EXMEM_fpu_adder_inst_add_60_19/g1205/z (u)     in_0->z R     unmapped_complex2      2  2.0     0    70    6706    (-,-) 
  EXMEM_fpu_adder_inst_sub_91_23_Y_EXMEM_fpu_adder_inst_sub_66_11_Y_EXMEM_fpu_adder_inst_add_60_19/g1206/z (u)     in_1->z F     unmapped_nand2         5  5.0     0    88    6793    (-,-) 
  g12947/z                                                                                                 (u)     in_0->z F     unmapped_complex2      1  1.0     0    60    6854    (-,-) 
  g12943/z                                                                                                 (u)     in_1->z R     unmapped_complex2      5  5.0     0    88    6941    (-,-) 
  g12944/z                                                                                                 (u)     in_0->z F     unmapped_not         101 11.0     0   118    7060    (-,-) 
  EXMEM_fpu_adder_inst_srl_106_12/g1466/z                                                                  (u)     in_1->z R     unmapped_nand2         1  1.0     0    60    7120    (-,-) 
  EXMEM_fpu_adder_inst_srl_106_12/g1422/z                                                                  (u)     in_1->z F     unmapped_nand2         2  2.0     0    70    7189    (-,-) 
  EXMEM_fpu_adder_inst_srl_106_12/g1388/z                                                                  (u)     in_0->z R     unmapped_complex2      1  1.0     0    60    7250    (-,-) 
  EXMEM_fpu_adder_inst_srl_106_12/g1336/z                                                                  (u)     in_1->z F     unmapped_nand2         2  2.0     0    70    7319    (-,-) 
  EXMEM_fpu_adder_inst_srl_106_12/g1292/z                                                                  (u)     in_0->z R     unmapped_complex2      1  1.0     0    60    7379    (-,-) 
  EXMEM_fpu_adder_inst_srl_106_12/g1245/z                                                                  (u)     in_1->z F     unmapped_nand2         2  2.0     0    70    7449    (-,-) 
  EXMEM_fpu_adder_inst_srl_106_12/g1227/z                                                                  (u)     in_0->z R     unmapped_nand2         1  1.0     0    60    7509    (-,-) 
  EXMEM_fpu_adder_inst_srl_106_12/g1190/z                                                                  (u)     in_1->z F     unmapped_nand2         2  2.0     0    70    7578    (-,-) 
  EXMEM_fpu_adder_inst_srl_106_12/g1166/z                                                                  (u)     in_0->z R     unmapped_nand2         1  1.0     0    60    7638    (-,-) 
  EXMEM_fpu_adder_inst_srl_106_12/g1523/z                                                                  (u)     in_0->z F     unmapped_complex2      1  1.0     0    60    7698    (-,-) 
  g18855/z                                                                                                 (u)     in_0->z R     unmapped_complex2      1  1.0     0    60    7758    (-,-) 
  g18266/z                                                                                                 (u)     in_1->z F     unmapped_nand2         1  1.0     0    60    7819    (-,-) 
  g18048/z                                                                                                 (u)     in_1->z F     unmapped_or2           3  3.0     0    76    7894    (-,-) 
  g13661/z                                                                                                 (u)     in_0->z F     unmapped_complex2      3  3.0     0    76    7970    (-,-) 
  g13558/z                                                                                                 (u)     in_1->z F     unmapped_or2           3  3.0     0    76    8046    (-,-) 
  g13559/z                                                                                                 (u)     in_0->z F     unmapped_or2           3  3.0     0    76    8122    (-,-) 
  g18037/z                                                                                                 (u)     in_0->z F     unmapped_or2           1  1.0     0    60    8182    (-,-) 
  g18038/z                                                                                                 (u)     in_1->z R     unmapped_nand2         2  2.0     0    70    8252    (-,-) 
  EXMEM_dmemory_mem_inst/g34/z                                                                             (u)     in_0->z F     unmapped_complex2      1  1.0     0    60    8312    (-,-) 
  EXMEM_dmemory_mem_inst/g35/z                                                                             (u)     in_1->z R     unmapped_nand2         1  1.0     0    60    8372    (-,-) 
  g21346/z                                                                                                 (u)     in_0->z R     unmapped_complex2      1  1.0     0    60    8432    (-,-) 
  MR_reg[3]/d                                                                                              <<<     -       R     unmapped_d_flop        1    -     -     0    8432    (-,-) 
#-------------------------------------------------------------------------------------------------------------------------------------------------------------------------------------------

(u) : Net has unmapped pin(s).

