============================================================
  Generated by:           Genus(TM) Synthesis Solution 22.17-s071_1
  Generated on:           Jan 16 2026  08:35:51 pm
  Module:                 topo
  Operating conditions:   PVT_0P9V_125C (balanced_tree)
  Wireload mode:          enclosed
  Area mode:              timing library
============================================================

        Instance                 Module          Cell Count  Cell Area  Net Area   Total Area   Wireload  
----------------------------------------------------------------------------------------------------------
topo                                                  15616  58103.064     0.000    58103.064 <none> (D)  
  EXMEM_dmemory_mem_inst memByteAddressable32WF           4     10.944     0.000       10.944 <none> (D)  
  ID                     InstructionDecode             6918  28834.704     0.000    28834.704 <none> (D)  
    control              Control_Unit                    55     78.660     0.000       78.660 <none> (D)  
      fpudecoder         FPU_Decoder                     26     36.936     0.000       36.936 <none> (D)  
      maindecoder        Main_Decoder                    19     27.360     0.000       27.360 <none> (D)  
      uladecoder         ULA_Decoder                     10     14.364     0.000       14.364 <none> (D)  
    rff                  register_file_916             3422  14361.264     0.000    14361.264 <none> (D)  
    rfx                  register_file                 3422  14361.264     0.000    14361.264 <none> (D)  
    signextend           SignExtend                      19     33.516     0.000       33.516 <none> (D)  
  IF                     InstructionFetch              3979  19075.392     0.000    19075.392 <none> (D)  
    IMemory              instruction_memory            3691  18504.594     0.000    18504.594 <none> (D)  
    pc                   PC                              33    198.360     0.000      198.360 <none> (D)  
  (D) = wireload is default in technology library
