============================================================
  Generated by:           Genus(TM) Synthesis Solution 22.17-s071_1
  Generated on:           Jan 16 2026  08:35:50 pm
  Module:                 topo
  Operating conditions:   PVT_0P9V_125C (balanced_tree)
  Wireload mode:          enclosed
  Area mode:              timing library
============================================================


Path 1: MET (413 ps) Setup Check with Pin MR_reg[3]/CK->D
          Group: clk
     Startpoint: (R) EXMEM_rd_EXMEM_reg[0]/CK
          Clock: (R) clk
       Endpoint: (R) MR_reg[3]/D
          Clock: (R) clk

                     Capture       Launch     
        Clock Edge:+   10000            0     
       Src Latency:+     500          500     
       Net Latency:+       0 (I)        0 (I) 
           Arrival:=   10500          500     
                                              
             Setup:-    -164                  
       Uncertainty:-    1000                  
     Required Time:=    9664                  
      Launch Clock:-     500                  
         Data Path:-    8751                  
             Slack:=     413                  

#----------------------------------------------------------------------------------------------------------------------------------------------------------------------------------
#                                              Timing Point                                                Flags    Arc   Edge   Cell     Fanout Load Trans Delay Arrival Instance 
#                                                                                                                                                (fF)  (ps)  (ps)   (ps)  Location 
#----------------------------------------------------------------------------------------------------------------------------------------------------------------------------------
  EXMEM_rd_EXMEM_reg[0]/CK                                                                                 -       -      R     (arrival)   4352    -  1000     0     500    (-,-) 
  EXMEM_rd_EXMEM_reg[0]/Q                                                                                  -       CK->Q  F     DFFHQX1       15  5.1   138   770    1270    (-,-) 
  g36510/Y                                                                                                 -       B->Y   F     OR4X1          1  0.4    45   323    1592    (-,-) 
  g36504/Y                                                                                                 -       A->Y   R     NAND2X1        2  0.8    39    49    1642    (-,-) 
  g36503/Y                                                                                                 -       A->Y   F     NOR2X1         1  0.5    38    50    1691    (-,-) 
  g36500/Y                                                                                                 -       A->Y   F     CLKAND2X4     32 11.5    95   141    1832    (-,-) 
  g36470/Y                                                                                                 -       B->Y   F     AND2X1         2  0.5    26   103    1935    (-,-) 
  g36446/Y                                                                                                 -       B0->Y  R     AOI21X1        4  2.8   155   113    2048    (-,-) 
  g36410/Y                                                                                                 -       A->Y   F     CLKINVX4      34 13.6   119   134    2182    (-,-) 
  g36188/Y                                                                                                 -       A->Y   R     NAND2X1        2  0.8    53    92    2274    (-,-) 
  g36098/Y                                                                                                 -       A1->Y  F     AOI21X1        2  0.7    89    99    2373    (-,-) 
  g36064/Y                                                                                                 -       B->Y   R     NOR2BX1        1  0.4    52    78    2452    (-,-) 
  g36047/Y                                                                                                 -       B->Y   F     NOR2X1         2  0.7    48    52    2504    (-,-) 
  g36031/Y                                                                                                 -       B->Y   R     NOR2BX1        1  0.4    47    56    2560    (-,-) 
  g36004/Y                                                                                                 -       B->Y   F     NOR2X1         3  1.1    59    55    2616    (-,-) 
  g35965/Y                                                                                                 -       B->Y   R     NOR2X1         1  0.4    48    62    2678    (-,-) 
  g35941/Y                                                                                                 -       B->Y   F     NOR2X1         2  0.7    47    50    2728    (-,-) 
  g35904/Y                                                                                                 -       B0->Y  R     AOI21X1        1  0.8    75    74    2802    (-,-) 
  g35900/Y                                                                                                 -       B0->Y  F     AOI2BB1X2     24  7.4   124   111    2912    (-,-) 
  g35893/Y                                                                                                 -       B->Y   F     OR2X2         19  5.7    99   216    3128    (-,-) 
  g35877/Y                                                                                                 -       C->Y   R     NOR4X1         2  0.8   156   177    3304    (-,-) 
  g35874/Y                                                                                                 -       A->Y   F     INVX1          4  1.2    67   120    3424    (-,-) 
  g35853/Y                                                                                                 -       B->Y   R     NOR2X1         5  1.8   109   102    3526    (-,-) 
  g35820/Y                                                                                                 -       B->Y   R     AND2X1         7  2.4    66   194    3720    (-,-) 
  g35743/Y                                                                                                 -       A1->Y  F     AOI211XL       4  1.3   205   185    3905    (-,-) 
  g35737/Y                                                                                                 -       A->Y   R     INVX1          2  0.8    58   134    4038    (-,-) 
  g35690/Y                                                                                                 -       B1->Y  F     OAI221X1       2  0.5   166   163    4201    (-,-) 
  g35688/Y                                                                                                 -       B->Y   R     NOR2X1         2  0.6    68   125    4326    (-,-) 
  g36781/Y                                                                                                 -       AN->Y  R     NOR2BX1        1  0.4    50   111    4437    (-,-) 
  g2/Y                                                                                                     -       B->Y   F     NAND2BX1       1  0.3    56    66    4503    (-,-) 
  g35672/Y                                                                                                 -       B->Y   R     NAND2X1        1  0.4    30    47    4550    (-,-) 
  g35671/Y                                                                                                 -       B->Y   F     NOR3X1         2  1.6    75    61    4611    (-,-) 
  g35669/Y                                                                                                 -       B->Y   R     NOR2X4        28 12.4   161   129    4741    (-,-) 
  g35668/Y                                                                                                 -       A->Y   F     CLKINVX6      40 14.3    99   120    4861    (-,-) 
  g35656/Y                                                                                                 -       B1->Y  R     OAI22X1        1  0.4    90    90    4951    (-,-) 
  EXMEM_fpu_adder_inst_sub_91_23_Y_EXMEM_fpu_adder_inst_sub_66_11_Y_EXMEM_fpu_adder_inst_add_60_19_g1665/Y -       B->Y   F     XOR2XL         2  0.8    53   174    5125    (-,-) 
  EXMEM_fpu_adder_inst_sub_91_23_Y_EXMEM_fpu_adder_inst_sub_66_11_Y_EXMEM_fpu_adder_inst_add_60_19_g1592/Y -       A1->Y  R     OAI21X1        2  0.6    69    77    5202    (-,-) 
  EXMEM_fpu_adder_inst_sub_91_23_Y_EXMEM_fpu_adder_inst_sub_66_11_Y_EXMEM_fpu_adder_inst_add_60_19_g1551/Y -       A->Y   F     INVX1          1  0.4    31    57    5259    (-,-) 
  EXMEM_fpu_adder_inst_sub_91_23_Y_EXMEM_fpu_adder_inst_sub_66_11_Y_EXMEM_fpu_adder_inst_add_60_19_g1549/Y -       A1->Y  R     OAI21X1        2  0.8    76    70    5330    (-,-) 
  EXMEM_fpu_adder_inst_sub_91_23_Y_EXMEM_fpu_adder_inst_sub_66_11_Y_EXMEM_fpu_adder_inst_add_60_19_g1546/Y -       A->Y   F     INVX1          1  0.4    32    61    5390    (-,-) 
  EXMEM_fpu_adder_inst_sub_91_23_Y_EXMEM_fpu_adder_inst_sub_66_11_Y_EXMEM_fpu_adder_inst_add_60_19_g1544/Y -       A1->Y  R     OAI21X1        2  0.8    76    71    5462    (-,-) 
  EXMEM_fpu_adder_inst_sub_91_23_Y_EXMEM_fpu_adder_inst_sub_66_11_Y_EXMEM_fpu_adder_inst_add_60_19_g1543/Y -       A->Y   F     INVX1          1  0.4    32    61    5522    (-,-) 
  EXMEM_fpu_adder_inst_sub_91_23_Y_EXMEM_fpu_adder_inst_sub_66_11_Y_EXMEM_fpu_adder_inst_add_60_19_g1541/Y -       A1->Y  R     OAI21X1        3  0.8    76    71    5594    (-,-) 
  EXMEM_fpu_adder_inst_sub_91_23_Y_EXMEM_fpu_adder_inst_sub_66_11_Y_EXMEM_fpu_adder_inst_add_60_19_g1673/Y -       AN->Y  R     NOR2BX1        1  0.4    48   115    5708    (-,-) 
  EXMEM_fpu_adder_inst_sub_91_23_Y_EXMEM_fpu_adder_inst_sub_66_11_Y_EXMEM_fpu_adder_inst_add_60_19_g1538/Y -       B->Y   F     NOR2X1         2  0.6    45    49    5757    (-,-) 
  EXMEM_fpu_adder_inst_sub_91_23_Y_EXMEM_fpu_adder_inst_sub_66_11_Y_EXMEM_fpu_adder_inst_add_60_19_g2/Y    -       A1->Y  F     OA21X1         2  0.8    39   134    5891    (-,-) 
  EXMEM_fpu_adder_inst_sub_91_23_Y_EXMEM_fpu_adder_inst_sub_66_11_Y_EXMEM_fpu_adder_inst_add_60_19_g1530/Y -       A1->Y  R     OAI21X1        3  1.0    85    80    5971    (-,-) 
  EXMEM_fpu_adder_inst_sub_91_23_Y_EXMEM_fpu_adder_inst_sub_66_11_Y_EXMEM_fpu_adder_inst_add_60_19_g1529/Y -       B->Y   F     NAND2X1        2  0.5    68    91    6062    (-,-) 
  EXMEM_fpu_adder_inst_sub_91_23_Y_EXMEM_fpu_adder_inst_sub_66_11_Y_EXMEM_fpu_adder_inst_add_60_19_g1525/Y -       B->Y   R     NOR2X1         1  0.4    49    67    6129    (-,-) 
  EXMEM_fpu_adder_inst_sub_91_23_Y_EXMEM_fpu_adder_inst_sub_66_11_Y_EXMEM_fpu_adder_inst_add_60_19_g1523/Y -       B->Y   F     NOR2X1         3  1.1    56    56    6185    (-,-) 
  EXMEM_fpu_adder_inst_sub_91_23_Y_EXMEM_fpu_adder_inst_sub_66_11_Y_EXMEM_fpu_adder_inst_add_60_19_g1520/Y -       B->Y   R     NOR2BX1        1  0.4    48    60    6246    (-,-) 
  EXMEM_fpu_adder_inst_sub_91_23_Y_EXMEM_fpu_adder_inst_sub_66_11_Y_EXMEM_fpu_adder_inst_add_60_19_g1517/Y -       B->Y   F     NOR2X1         2  0.8    51    52    6298    (-,-) 
  EXMEM_fpu_adder_inst_sub_91_23_Y_EXMEM_fpu_adder_inst_sub_66_11_Y_EXMEM_fpu_adder_inst_add_60_19_g1513/Y -       A1->Y  R     OAI21X1        2  0.6    69    76    6374    (-,-) 
  EXMEM_fpu_adder_inst_sub_91_23_Y_EXMEM_fpu_adder_inst_sub_66_11_Y_EXMEM_fpu_adder_inst_add_60_19_g1510/Y -       A1N->Y R     OAI2BB1X1      3  0.8    43   148    6522    (-,-) 
  EXMEM_fpu_adder_inst_sub_91_23_Y_EXMEM_fpu_adder_inst_sub_66_11_Y_EXMEM_fpu_adder_inst_add_60_19_g1671/Y -       AN->Y  R     NOR2BX1        2  0.8    65   109    6631    (-,-) 
  EXMEM_fpu_adder_inst_sub_91_23_Y_EXMEM_fpu_adder_inst_sub_66_11_Y_EXMEM_fpu_adder_inst_add_60_19_g1504/Y -       A1->Y  F     AOI21X1        3  1.0   106   115    6746    (-,-) 
  EXMEM_fpu_adder_inst_sub_91_23_Y_EXMEM_fpu_adder_inst_sub_66_11_Y_EXMEM_fpu_adder_inst_add_60_19_g1497/Y -       C->Y   R     NOR3X1         1  0.4    82   103    6848    (-,-) 
  EXMEM_fpu_adder_inst_sub_91_23_Y_EXMEM_fpu_adder_inst_sub_66_11_Y_EXMEM_fpu_adder_inst_add_60_19_g1496/Y -       B->Y   F     NOR2X1         2  0.8    49    72    6921    (-,-) 
  EXMEM_fpu_adder_inst_sub_91_23_Y_EXMEM_fpu_adder_inst_sub_66_11_Y_EXMEM_fpu_adder_inst_add_60_19_g1492/Y -       A1->Y  R     OAI21X1        2  0.8    78    80    7001    (-,-) 
  EXMEM_fpu_adder_inst_sub_91_23_Y_EXMEM_fpu_adder_inst_sub_66_11_Y_EXMEM_fpu_adder_inst_add_60_19_g1491/Y -       A->Y   F     INVX1          1  0.4    33    62    7063    (-,-) 
  EXMEM_fpu_adder_inst_sub_91_23_Y_EXMEM_fpu_adder_inst_sub_66_11_Y_EXMEM_fpu_adder_inst_add_60_19_g1489/Y -       A1->Y  R     OAI21X1        2  1.0    84    76    7139    (-,-) 
  EXMEM_fpu_adder_inst_sub_91_23_Y_EXMEM_fpu_adder_inst_sub_66_11_Y_EXMEM_fpu_adder_inst_add_60_19_g1486/Y -       B->Y   F     NOR2X2         8  2.1    58    72    7211    (-,-) 
  EXMEM_fpu_adder_inst_sub_91_23_Y_EXMEM_fpu_adder_inst_sub_66_11_Y_EXMEM_fpu_adder_inst_add_60_19_g1669/Y -       B->Y   F     OR2X1          5  2.0    66   137    7348    (-,-) 
  g22215/Y                                                                                                 -       AN->Y  F     NAND2BX2       6  2.5   120   152    7500    (-,-) 
  g22158/Y                                                                                                 -       A->Y   R     INVX1          2  0.6    40    83    7584    (-,-) 
  g22142/Y                                                                                                 -       A1->Y  R     AO21X1        24 10.0   224   259    7842    (-,-) 
  EXMEM_fpu_adder_inst_sll_108_12_g2205/Y                                                                  -       B->Y   F     NOR2X1         2  0.8    73   158    8000    (-,-) 
  EXMEM_fpu_adder_inst_sll_108_12_g2199/Y                                                                  -       A->Y   R     NAND2X1        2  0.4    44    61    8061    (-,-) 
  EXMEM_fpu_adder_inst_sll_108_12_g2177/Y                                                                  -       B->Y   F     NOR2XL         2  0.4    58    52    8112    (-,-) 
  EXMEM_fpu_adder_inst_sll_108_12_g2171/Y                                                                  -       AN->Y  F     NOR2BX1        1  0.3    40    80    8193    (-,-) 
  g30221/Y                                                                                                 -       A->Y   R     INVX1          1  0.4    22    35    8228    (-,-) 
  g29746/Y                                                                                                 -       A1->Y  F     OAI211X1       1  0.2   118   105    8333    (-,-) 
  g29744/Y                                                                                                 -       C0->Y  R     AOI211XL       1  0.4   111   136    8469    (-,-) 
  g29743/Y                                                                                                 -       B0->Y  F     OAI2BB1X1      3  0.7    80   122    8591    (-,-) 
  g29742/Y                                                                                                 -       AN->Y  F     NAND2BX1       4  1.3   108   141    8732    (-,-) 
  g22021/Y                                                                                                 -       C->Y   F     OR3XL          2  0.7    49   175    8907    (-,-) 
  g22020/Y                                                                                                 -       B->Y   R     XNOR2X1        1  0.4    27   170    9077    (-,-) 
  EXMEM_dmemory_mem_inst/g77__2398/Y                                                                       -       B->Y   R     XOR2XL         1  0.2    22   117    9194    (-,-) 
  g36832/Y                                                                                                 -       B->Y   R     OR2XL          1  0.3    23    57    9251    (-,-) 
  MR_reg[3]/D                                                                                              <<<     -      R     DFFHQX1        1    -     -     0    9251    (-,-) 
#----------------------------------------------------------------------------------------------------------------------------------------------------------------------------------

