============================================================
  Generated by:           Genus(TM) Synthesis Solution 22.17-s071_1
  Generated on:           Jan 16 2026  08:35:51 pm
  Module:                 topo
  Operating conditions:   PVT_0P9V_125C (balanced_tree)
  Wireload mode:          enclosed
  Area mode:              timing library
============================================================

Timing
--------

Clock  Period 
--------------
clk   10000.0 


  Cost    Critical         Violating 
 Group   Path Slack  TNS     Paths   
-------------------------------------
clk           412.9   0.0          0 
default    No paths   0.0            
-------------------------------------
Total                 0.0          0 

Instance Count
--------------
Leaf Instance Count             15616 
Physical Instance count             0 
Sequential Instance Count        4352 
Combinational Instance Count    11264 
Hierarchical Instance Count        12 

Area
----
Cell Area                          58103.064
Physical Cell Area                 0.000
Total Cell Area (Cell+Physical)    58103.064
Net Area                           0.000
Total Area (Cell+Physical+Net)     58103.064

Max Fanout                         4352 (clk)
Min Fanout                         0 (MemWrite)
Average Fanout                     3.1
Terms to net ratio                 4.4626
Terms to instance ratio            4.5555
Runtime                            470.09523900000045 seconds
Elapsed Runtime                    454 seconds
Genus peak memory usage            2656.09 
Innovus peak memory usage          no_value 
Hostname                           localhost
