============================================================
  Generated by:           Genus(TM) Synthesis Solution 22.17-s071_1
  Generated on:           Jan 16 2026  08:35:02 pm
  Module:                 topo
  Operating conditions:   PVT_0P9V_125C (balanced_tree)
  Wireload mode:          enclosed
  Area mode:              timing library
============================================================

                                             Instance                                                                   Module                      Cell Count  Cell Area  Net Area   Total Area   Wireload  
-------------------------------------------------------------------------------------------------------------------------------------------------------------------------------------------------------------
topo                                                                                                                                                     24676  99931.919     0.000    99931.919 <none> (D)  
  EXMEM_alu_lt_15_32                                                                               lt_unsigned_858_4_rtlopto_model_5780                    151    403.064     0.000      403.064 <none> (D)  
  EXMEM_alu_sll_16_31                                                                              shift_left_vlog_unsigned                                393   1049.035     0.000     1049.035 <none> (D)  
  EXMEM_alu_sub_12_31_Y_EXMEM_alu_add_11_31                                                        addsub_unsigned_1748                                    393   1049.035     0.000     1049.035 <none> (D)  
  EXMEM_dmemory_mem_inst                                                                           memByteAddressable32WF                                   12     32.032     0.000       32.032 <none> (D)  
  EXMEM_fpu_adder_inst_lt_50_14_Y_EXMEM_fpu_adder_inst_gt_47_9                                     cmp6_unsigned_1686                                      132    351.013     0.000      351.013 <none> (D)  
  EXMEM_fpu_adder_inst_sll_108_12                                                                  shift_left_vlog_unsigned_645_rtlopto_model_223          259    691.349     0.000      691.349 <none> (D)  
  EXMEM_fpu_adder_inst_srl_106_12                                                                  shift_right_vlog_unsigned_483_rtlopto_model_224         344    918.239     0.000      918.239 <none> (D)  
  EXMEM_fpu_adder_inst_sub_91_23_Y_EXMEM_fpu_adder_inst_sub_66_11_Y_EXMEM_fpu_adder_inst_add_60_19 addsub_unsigned_1748_1881                               295    786.109     0.000      786.109 <none> (D)  
  EXMEM_fpu_int2fp_inst_sll_61_31                                                                  shift_left_vlog_unsigned_802_rtlopto_model_229          330    880.869     0.000      880.869 <none> (D)  
  EXMEM_fpu_multiply_inst_mul_30_32                                                                mult_unsigned_1346                                     4798  12807.301     0.000    12807.301 <none> (D)  
  ID                                                                                               InstructionDecode                                      7782  37251.416     0.000    37251.416 <none> (D)  
    control                                                                                        Control_Unit                                             92    241.572     0.000      241.572 <none> (D)  
      fpudecoder                                                                                   FPU_Decoder                                              43    113.445     0.000      113.445 <none> (D)  
      maindecoder                                                                                  Main_Decoder                                             33     85.418     0.000       85.418 <none> (D)  
      uladecoder                                                                                   ULA_Decoder                                              16     42.709     0.000       42.709 <none> (D)  
    rff                                                                                            register_file_916                                      3826  18454.206     0.000    18454.206 <none> (D)  
      g1286                                                                                        cdec_900                                                 47    125.457     0.000      125.457 <none> (D)  
      g1288                                                                                        cdec_904                                                 47    125.457     0.000      125.457 <none> (D)  
      mux_register[A1]_60_11                                                                       cmux_898                                               1344   4399.006     0.000     4399.006 <none> (D)  
      mux_register[A2]_61_11                                                                       cmux_902                                               1344   4399.006     0.000     4399.006 <none> (D)  
    rfx                                                                                            register_file                                          3826  18454.206     0.000    18454.206 <none> (D)  
      g1286                                                                                        cdec_900                                                 47    125.457     0.000      125.457 <none> (D)  
      g1288                                                                                        cdec_904                                                 47    125.457     0.000      125.457 <none> (D)  
      mux_register[A1]_60_11                                                                       cmux_898                                               1344   4399.006     0.000     4399.006 <none> (D)  
      mux_register[A2]_61_11                                                                       cmux_902                                               1344   4399.006     0.000     4399.006 <none> (D)  
    signextend                                                                                     SignExtend                                               38    101.433     0.000      101.433 <none> (D)  
  IF                                                                                               InstructionFetch                                       5332  29905.503     0.000    29905.503 <none> (D)  
    IMemory                                                                                        instruction_memory                                     4979  28751.030     0.000    28751.030 <none> (D)  
      g2469                                                                                        cdec                                                     88    234.898     0.000      234.898 <none> (D)  
      mux_instruction[aux]_37_17                                                                   cmux                                                   2720   9054.266     0.000     9054.266 <none> (D)  
    add_35_22_Y_add_40_22                                                                          add_unsigned_4                                          297    792.782     0.000      792.782 <none> (D)  
    pc                                                                                             PC                                                       32    298.962     0.000      298.962 <none> (D)  
  SUB_UNS_OP                                                                                       sub_unsigned_441                                        142    379.041     0.000      379.041 <none> (D)  
  WALLACE_CSA_DUMMY_OP_groupi                                                                      WALLACE_CSA_DUMMY_OP_group_10                           143    381.710     0.000      381.710 <none> (D)  
  final_adder_EXMEM_fpu_int2fp_inst_mux_14_17                                                      add_unsigned_1084                                       140    373.702     0.000      373.702 <none> (D)  
  (D) = wireload is default in technology library
