============================================================
  Generated by:           Genus(TM) Synthesis Solution 22.17-s071_1
  Generated on:           Jan 16 2026  08:35:57 pm
  Module:                 topo
  Operating conditions:   PVT_0P9V_125C (balanced_tree)
  Wireload mode:          enclosed
  Area mode:              timing library
============================================================

Timing
--------

Clock  Period 
--------------
clk   10000.0 


  Cost    Critical         Violating 
 Group   Path Slack  TNS     Paths   
-------------------------------------
clk             7.0   0.0          0 
default    No paths   0.0            
-------------------------------------
Total                 0.0          0 

Instance Count
--------------
Leaf Instance Count             15363 
Physical Instance count             0 
Sequential Instance Count        4352 
Combinational Instance Count    11011 
Hierarchical Instance Count        12 

Area
----
Cell Area                          57744.648
Physical Cell Area                 0.000
Total Cell Area (Cell+Physical)    57744.648
Net Area                           0.000
Total Area (Cell+Physical+Net)     57744.648

Max Fanout                         4352 (clk)
Min Fanout                         0 (MemWrite)
Average Fanout                     3.1
Terms to net ratio                 4.4876
Terms to instance ratio            4.5940
Runtime                            476.00115900000014 seconds
Elapsed Runtime                    460 seconds
Genus peak memory usage            2656.09 
Innovus peak memory usage          no_value 
Hostname                           localhost
