============================================================
  Generated by:           Genus(TM) Synthesis Solution 22.17-s071_1
  Generated on:           Jan 16 2026  08:33:16 pm
  Module:                 topo
  Operating conditions:   PVT_0P9V_125C (balanced_tree)
  Wireload mode:          enclosed
  Area mode:              timing library
============================================================

Timing
--------

Clock  Period 
--------------
clk   20000.0 


  Cost    Critical         Violating 
 Group   Path Slack  TNS     Paths   
-------------------------------------
clk          3248.5   0.0          0 
default    No paths   0.0            
-------------------------------------
Total                 0.0          0 

Instance Count
--------------
Leaf Instance Count             14884 
Physical Instance count             0 
Sequential Instance Count        4352 
Combinational Instance Count    10532 
Hierarchical Instance Count        12 

Area
----
Cell Area                          57230.280
Physical Cell Area                 0.000
Total Cell Area (Cell+Physical)    57230.280
Net Area                           0.000
Total Area (Cell+Physical+Net)     57230.280

Max Fanout                         4352 (clk)
Min Fanout                         0 (MemWrite)
Average Fanout                     3.2
Terms to net ratio                 4.5464
Terms to instance ratio            4.6481
Runtime                            308.8243890000002 seconds
Elapsed Runtime                    299 seconds
Genus peak memory usage            2631.96 
Innovus peak memory usage          no_value 
Hostname                           localhost
