============================================================
  Generated by:           Genus(TM) Synthesis Solution 22.17-s071_1
  Generated on:           Jan 16 2026  08:32:30 pm
  Module:                 topo
  Operating conditions:   PVT_0P9V_125C (balanced_tree)
  Wireload mode:          enclosed
  Area mode:              timing library
============================================================

Timing
--------

Clock  Period 
--------------
clk   20000.0 


  Cost    Critical         Violating 
 Group   Path Slack  TNS     Paths   
-------------------------------------
clk          7030.6   0.0          0 
default    No paths   0.0            
-------------------------------------
Total                 0.0          0 

Instance Count
--------------
Leaf Instance Count             24603 
Physical Instance count             0 
Sequential Instance Count        4352 
Combinational Instance Count    20251 
Hierarchical Instance Count        35 

Area
----
Cell Area                          99737.060
Physical Cell Area                 0.000
Total Cell Area (Cell+Physical)    99737.060
Net Area                           0.000
Total Area (Cell+Physical+Net)     99737.060

Max Fanout                         2370 (clk)
Min Fanout                         0 (EXMEM_dmemory_byteEnable[0])
Average Fanout                     2.5
Terms to net ratio                 3.9828
Terms to instance ratio            4.0374
Runtime                            260.1277200000001 seconds
Elapsed Runtime                    253 seconds
Genus peak memory usage            2631.96 
Innovus peak memory usage          no_value 
Hostname                           localhost
