============================================================
  Generated by:           Genus(TM) Synthesis Solution 22.17-s071_1
  Generated on:           Jan 16 2026  08:32:30 pm
  Module:                 topo
  Operating conditions:   PVT_0P9V_125C (balanced_tree)
  Wireload mode:          enclosed
  Area mode:              timing library
============================================================

                                             Instance                                                                   Module                      Cell Count  Cell Area  Net Area   Total Area   Wireload  
-------------------------------------------------------------------------------------------------------------------------------------------------------------------------------------------------------------
topo                                                                                                                                                     24603  99737.060     0.000    99737.060 <none> (D)  
  EXMEM_alu_lt_15_32                                                                               lt_unsigned_858_4_rtlopto_model_5780                    151    403.064     0.000      403.064 <none> (D)  
  EXMEM_alu_sll_16_31                                                                              shift_left_vlog_unsigned                                395   1054.373     0.000     1054.373 <none> (D)  
  EXMEM_alu_sub_12_31_Y_EXMEM_alu_add_11_31                                                        addsub_unsigned_1748                                    355    947.601     0.000      947.601 <none> (D)  
  EXMEM_dmemory_mem_inst                                                                           memByteAddressable32WF                                   12     32.032     0.000       32.032 <none> (D)  
  EXMEM_fpu_adder_inst_lt_50_14_Y_EXMEM_fpu_adder_inst_gt_47_9                                     cmp6_unsigned_1686                                      139    369.698     0.000      369.698 <none> (D)  
  EXMEM_fpu_adder_inst_sll_108_12                                                                  shift_left_vlog_unsigned_645_rtlopto_model_223          259    691.349     0.000      691.349 <none> (D)  
  EXMEM_fpu_adder_inst_srl_106_12                                                                  shift_right_vlog_unsigned_483_rtlopto_model_224         341    910.231     0.000      910.231 <none> (D)  
  EXMEM_fpu_adder_inst_sub_91_23_Y_EXMEM_fpu_adder_inst_sub_66_11_Y_EXMEM_fpu_adder_inst_add_60_19 addsub_unsigned_1748_1881                               297    791.447     0.000      791.447 <none> (D)  
  EXMEM_fpu_int2fp_inst_sll_61_31                                                                  shift_left_vlog_unsigned_802_rtlopto_model_229          353    942.263     0.000      942.263 <none> (D)  
  EXMEM_fpu_multiply_inst_mul_30_32                                                                mult_unsigned_1346                                     4752  12684.514     0.000    12684.514 <none> (D)  
  ID                                                                                               InstructionDecode                                      7781  37248.747     0.000    37248.747 <none> (D)  
    control                                                                                        Control_Unit                                             91    238.902     0.000      238.902 <none> (D)  
      fpudecoder                                                                                   FPU_Decoder                                              44    116.115     0.000      116.115 <none> (D)  
      maindecoder                                                                                  Main_Decoder                                             31     80.079     0.000       80.079 <none> (D)  
      uladecoder                                                                                   ULA_Decoder                                              16     42.709     0.000       42.709 <none> (D)  
    rff                                                                                            register_file_916                                      3826  18454.206     0.000    18454.206 <none> (D)  
      g1286                                                                                        cdec_900                                                 47    125.457     0.000      125.457 <none> (D)  
      g1288                                                                                        cdec_904                                                 47    125.457     0.000      125.457 <none> (D)  
      mux_register[A1]_60_11                                                                       cmux_898                                               1344   4399.006     0.000     4399.006 <none> (D)  
      mux_register[A2]_61_11                                                                       cmux_902                                               1344   4399.006     0.000     4399.006 <none> (D)  
    rfx                                                                                            register_file                                          3826  18454.206     0.000    18454.206 <none> (D)  
      g1286                                                                                        cdec_900                                                 47    125.457     0.000      125.457 <none> (D)  
      g1288                                                                                        cdec_904                                                 47    125.457     0.000      125.457 <none> (D)  
      mux_register[A1]_60_11                                                                       cmux_898                                               1344   4399.006     0.000     4399.006 <none> (D)  
      mux_register[A2]_61_11                                                                       cmux_902                                               1344   4399.006     0.000     4399.006 <none> (D)  
    signextend                                                                                     SignExtend                                               38    101.433     0.000      101.433 <none> (D)  
  IF                                                                                               InstructionFetch                                       5319  29870.802     0.000    29870.802 <none> (D)  
    IMemory                                                                                        instruction_memory                                     4981  28756.369     0.000    28756.369 <none> (D)  
      g2469                                                                                        cdec                                                     88    234.898     0.000      234.898 <none> (D)  
      mux_instruction[aux]_37_17                                                                   cmux                                                   2720   9054.266     0.000     9054.266 <none> (D)  
    add_35_22_Y_add_40_22                                                                          add_unsigned_4                                          282    752.743     0.000      752.743 <none> (D)  
    pc                                                                                             PC                                                       32    298.962     0.000      298.962 <none> (D)  
  SUB_UNS_OP                                                                                       sub_unsigned_441                                        120    320.316     0.000      320.316 <none> (D)  
  WALLACE_CSA_DUMMY_OP_groupi                                                                      WALLACE_CSA_DUMMY_OP_group_10                           147    392.387     0.000      392.387 <none> (D)  
  final_adder_EXMEM_fpu_int2fp_inst_mux_14_17                                                      add_unsigned_1084                                       123    328.324     0.000      328.324 <none> (D)  
  (D) = wireload is default in technology library
