============================================================
  Generated by:           Genus(TM) Synthesis Solution 22.17-s071_1
  Generated on:           Jan 16 2026  08:33:15 pm
  Module:                 topo
  Operating conditions:   PVT_0P9V_125C (balanced_tree)
  Wireload mode:          enclosed
  Area mode:              timing library
============================================================


Path 1: MET (3248 ps) Setup Check with Pin IF/pc/PC_reg[31]/CK->D
          Group: clk
     Startpoint: (R) EXMEM_rd_EXMEM_reg[0]/CK
          Clock: (R) clk
       Endpoint: (R) IF/pc/PC_reg[31]/D
          Clock: (R) clk

                     Capture       Launch     
        Clock Edge:+   20000            0     
       Src Latency:+    1000         1000     
       Net Latency:+       0 (I)        0 (I) 
           Arrival:=   21000         1000     
                                              
             Setup:-    -429                  
       Uncertainty:-    2000                  
     Required Time:=   19429                  
      Launch Clock:-    1000                  
         Data Path:-   15181                  
             Slack:=    3248                  

#----------------------------------------------------------------------------------------------------------------------------
#                   Timing Point                     Flags    Arc   Edge   Cell     Fanout Load Trans Delay Arrival Instance 
#                                                                                          (fF)  (ps)  (ps)   (ps)  Location 
#----------------------------------------------------------------------------------------------------------------------------
  EXMEM_rd_EXMEM_reg[0]/CK                           -       -      R     (arrival)   4352    -  2000     0    1000    (-,-) 
  EXMEM_rd_EXMEM_reg[0]/Q                            -       CK->Q  F     DFFHQX1       15  5.3   143  1283    2283    (-,-) 
  g33862/Y                                           -       A->Y   R     INVX1          3  0.8    48    98    2381    (-,-) 
  g33778/Y                                           -       A->Y   F     NOR2XL         1  0.3    42    60    2441    (-,-) 
  g33737/Y                                           -       C0->Y  R     AOI221X1       1  0.2    88    88    2529    (-,-) 
  g33733/Y                                           -       D->Y   F     NAND4XL        1  0.2   179   162    2691    (-,-) 
  g33732/Y                                           -       B->Y   F     OR2X2         54 13.7   199   295    2986    (-,-) 
  g33731/Y                                           -       A->Y   R     INVX2         24  8.2   120   158    3144    (-,-) 
  g33678/Y                                           -       B->Y   F     NAND2X1        2  0.7    85   116    3260    (-,-) 
  g33583/Y                                           -       B0->Y  R     OAI2BB1X1      1  0.2    34    65    3326    (-,-) 
  g33457/Y                                           -       A->Y   R     CLKMX2X2      37 14.4   180   285    3610    (-,-) 
  EXMEM_alu_sub_12_31_Y_EXMEM_alu_add_11_31_g3426/Y  -       S0->Y  R     MXI2XL         1  0.6   100   161    3771    (-,-) 
  EXMEM_alu_sub_12_31_Y_EXMEM_alu_add_11_31_g3409/CO -       CI->CO R     ADDFX1         1  0.6    39   218    3989    (-,-) 
  EXMEM_alu_sub_12_31_Y_EXMEM_alu_add_11_31_g3408/CO -       CI->CO R     ADDFX1         1  0.6    39   186    4175    (-,-) 
  EXMEM_alu_sub_12_31_Y_EXMEM_alu_add_11_31_g3407/CO -       CI->CO R     ADDFX1         1  0.6    39   186    4361    (-,-) 
  EXMEM_alu_sub_12_31_Y_EXMEM_alu_add_11_31_g3406/CO -       CI->CO R     ADDFX1         1  0.6    39   186    4547    (-,-) 
  EXMEM_alu_sub_12_31_Y_EXMEM_alu_add_11_31_g3405/CO -       CI->CO R     ADDFX1         1  0.6    39   186    4733    (-,-) 
  EXMEM_alu_sub_12_31_Y_EXMEM_alu_add_11_31_g3404/CO -       CI->CO R     ADDFX1         1  0.6    39   186    4919    (-,-) 
  EXMEM_alu_sub_12_31_Y_EXMEM_alu_add_11_31_g3403/CO -       CI->CO R     ADDFX1         1  0.6    39   186    5105    (-,-) 
  EXMEM_alu_sub_12_31_Y_EXMEM_alu_add_11_31_g3402/CO -       CI->CO R     ADDFX1         1  0.6    39   186    5291    (-,-) 
  EXMEM_alu_sub_12_31_Y_EXMEM_alu_add_11_31_g3401/CO -       CI->CO R     ADDFX1         1  0.6    39   186    5477    (-,-) 
  EXMEM_alu_sub_12_31_Y_EXMEM_alu_add_11_31_g3400/CO -       CI->CO R     ADDFX1         1  0.6    39   186    5663    (-,-) 
  EXMEM_alu_sub_12_31_Y_EXMEM_alu_add_11_31_g3399/CO -       CI->CO R     ADDFX1         1  0.6    39   186    5849    (-,-) 
  EXMEM_alu_sub_12_31_Y_EXMEM_alu_add_11_31_g3398/CO -       CI->CO R     ADDFX1         1  0.6    39   186    6035    (-,-) 
  EXMEM_alu_sub_12_31_Y_EXMEM_alu_add_11_31_g3397/CO -       CI->CO R     ADDFX1         1  0.6    39   186    6221    (-,-) 
  EXMEM_alu_sub_12_31_Y_EXMEM_alu_add_11_31_g3396/CO -       CI->CO R     ADDFX1         1  0.6    39   186    6407    (-,-) 
  EXMEM_alu_sub_12_31_Y_EXMEM_alu_add_11_31_g3395/CO -       CI->CO R     ADDFX1         1  0.6    39   186    6593    (-,-) 
  EXMEM_alu_sub_12_31_Y_EXMEM_alu_add_11_31_g3394/CO -       CI->CO R     ADDFX1         1  0.6    39   186    6779    (-,-) 
  EXMEM_alu_sub_12_31_Y_EXMEM_alu_add_11_31_g3393/CO -       CI->CO R     ADDFX1         1  0.6    39   186    6965    (-,-) 
  EXMEM_alu_sub_12_31_Y_EXMEM_alu_add_11_31_g3392/CO -       CI->CO R     ADDFX1         1  0.6    39   186    7151    (-,-) 
  EXMEM_alu_sub_12_31_Y_EXMEM_alu_add_11_31_g3391/CO -       CI->CO R     ADDFX1         1  0.6    39   186    7337    (-,-) 
  EXMEM_alu_sub_12_31_Y_EXMEM_alu_add_11_31_g3390/CO -       CI->CO R     ADDFX1         1  0.6    39   186    7523    (-,-) 
  EXMEM_alu_sub_12_31_Y_EXMEM_alu_add_11_31_g3389/CO -       CI->CO R     ADDFX1         1  0.6    39   186    7709    (-,-) 
  EXMEM_alu_sub_12_31_Y_EXMEM_alu_add_11_31_g3388/CO -       CI->CO R     ADDFX1         1  0.6    39   186    7895    (-,-) 
  EXMEM_alu_sub_12_31_Y_EXMEM_alu_add_11_31_g3387/CO -       CI->CO R     ADDFX1         1  0.6    39   186    8081    (-,-) 
  EXMEM_alu_sub_12_31_Y_EXMEM_alu_add_11_31_g3386/CO -       CI->CO R     ADDFX1         1  0.6    39   186    8267    (-,-) 
  EXMEM_alu_sub_12_31_Y_EXMEM_alu_add_11_31_g3385/CO -       CI->CO R     ADDFX1         1  0.6    39   186    8453    (-,-) 
  EXMEM_alu_sub_12_31_Y_EXMEM_alu_add_11_31_g3384/CO -       CI->CO R     ADDFX1         1  0.6    39   186    8639    (-,-) 
  EXMEM_alu_sub_12_31_Y_EXMEM_alu_add_11_31_g3383/CO -       CI->CO R     ADDFX1         1  0.6    39   186    8825    (-,-) 
  EXMEM_alu_sub_12_31_Y_EXMEM_alu_add_11_31_g3382/CO -       CI->CO R     ADDFX1         1  0.6    39   186    9011    (-,-) 
  EXMEM_alu_sub_12_31_Y_EXMEM_alu_add_11_31_g3381/CO -       CI->CO R     ADDFX1         1  0.6    39   186    9197    (-,-) 
  EXMEM_alu_sub_12_31_Y_EXMEM_alu_add_11_31_g3380/CO -       CI->CO R     ADDFX1         1  0.6    39   186    9383    (-,-) 
  EXMEM_alu_sub_12_31_Y_EXMEM_alu_add_11_31_g3379/CO -       CI->CO R     ADDFX1         1  0.4    35   184    9567    (-,-) 
  EXMEM_alu_sub_12_31_Y_EXMEM_alu_add_11_31_g3378/Y  -       B->Y   F     XNOR2X1        1  0.2    23   127    9693    (-,-) 
  g30367/Y                                           -       A1N->Y F     OAI2BB1X1      2  0.6    72    92    9785    (-,-) 
  g30337/Y                                           -       D->Y   R     NOR4X1         1  0.2   103    93    9878    (-,-) 
  IF/g282/Y                                          -       B->Y   R     AND2X2        55 18.0   214   298   10176    (-,-) 
  IF/g274/Y                                          -       B->Y   R     AND2XL         2  0.4    27   189   10365    (-,-) 
  IF/add_35_22_Y_add_40_22_g783/Y                    -       B->Y   R     AND2XL         2  0.8    41   112   10477    (-,-) 
  IF/add_35_22_Y_add_40_22_g780/CO                   -       CI->CO R     ADDFX1         1  0.6    39   187   10665    (-,-) 
  IF/add_35_22_Y_add_40_22_g779/CO                   -       CI->CO R     ADDFX1         1  0.6    39   186   10851    (-,-) 
  IF/add_35_22_Y_add_40_22_g778/CO                   -       CI->CO R     ADDFX1         1  0.6    39   186   11037    (-,-) 
  IF/add_35_22_Y_add_40_22_g777/CO                   -       CI->CO R     ADDFX1         1  0.6    39   186   11223    (-,-) 
  IF/add_35_22_Y_add_40_22_g776/CO                   -       CI->CO R     ADDFX1         1  0.6    39   186   11409    (-,-) 
  IF/add_35_22_Y_add_40_22_g775/CO                   -       CI->CO R     ADDFX1         1  0.6    39   186   11595    (-,-) 
  IF/add_35_22_Y_add_40_22_g774/CO                   -       CI->CO R     ADDFX1         1  0.6    39   186   11781    (-,-) 
  IF/add_35_22_Y_add_40_22_g773/CO                   -       CI->CO R     ADDFX1         1  0.6    39   186   11967    (-,-) 
  IF/add_35_22_Y_add_40_22_g772/CO                   -       CI->CO R     ADDFX1         1  0.6    39   186   12153    (-,-) 
  IF/add_35_22_Y_add_40_22_g771/CO                   -       CI->CO R     ADDFX1         1  0.6    39   186   12339    (-,-) 
  IF/add_35_22_Y_add_40_22_g770/CO                   -       CI->CO R     ADDFX1         1  0.6    39   186   12525    (-,-) 
  IF/add_35_22_Y_add_40_22_g769/CO                   -       CI->CO R     ADDFX1         1  0.6    39   186   12711    (-,-) 
  IF/add_35_22_Y_add_40_22_g768/CO                   -       CI->CO R     ADDFX1         1  0.6    39   186   12897    (-,-) 
  IF/add_35_22_Y_add_40_22_g767/CO                   -       CI->CO R     ADDFX1         1  0.6    39   186   13083    (-,-) 
  IF/add_35_22_Y_add_40_22_g766/CO                   -       CI->CO R     ADDFX1         1  0.6    39   186   13269    (-,-) 
  IF/add_35_22_Y_add_40_22_g765/CO                   -       CI->CO R     ADDFX1         1  0.6    39   186   13455    (-,-) 
  IF/add_35_22_Y_add_40_22_g764/CO                   -       CI->CO R     ADDFX1         1  0.6    39   186   13641    (-,-) 
  IF/add_35_22_Y_add_40_22_g763/CO                   -       CI->CO R     ADDFX1         1  0.6    39   186   13827    (-,-) 
  IF/add_35_22_Y_add_40_22_g762/CO                   -       CI->CO R     ADDFX1         1  0.6    39   186   14013    (-,-) 
  IF/add_35_22_Y_add_40_22_g761/CO                   -       CI->CO R     ADDFX1         1  0.6    39   186   14199    (-,-) 
  IF/add_35_22_Y_add_40_22_g760/CO                   -       CI->CO R     ADDFX1         1  0.6    39   186   14385    (-,-) 
  IF/add_35_22_Y_add_40_22_g759/CO                   -       CI->CO R     ADDFX1         1  0.6    39   186   14571    (-,-) 
  IF/add_35_22_Y_add_40_22_g758/CO                   -       CI->CO R     ADDFX1         1  0.6    39   186   14757    (-,-) 
  IF/add_35_22_Y_add_40_22_g757/CO                   -       CI->CO R     ADDFX1         1  0.6    39   186   14943    (-,-) 
  IF/add_35_22_Y_add_40_22_g756/CO                   -       CI->CO R     ADDFX1         1  0.6    39   186   15129    (-,-) 
  IF/add_35_22_Y_add_40_22_g755/CO                   -       CI->CO R     ADDFX1         1  0.6    39   186   15315    (-,-) 
  IF/add_35_22_Y_add_40_22_g754/CO                   -       CI->CO R     ADDFX1         1  0.6    39   186   15501    (-,-) 
  IF/add_35_22_Y_add_40_22_g753/CO                   -       CI->CO R     ADDFX1         1  0.6    39   186   15687    (-,-) 
  IF/add_35_22_Y_add_40_22_g752/CO                   -       CI->CO R     ADDFX1         1  0.6    39   186   15873    (-,-) 
  IF/add_35_22_Y_add_40_22_g751/CO                   -       CI->CO R     ADDFX1         1  0.4    35   184   16056    (-,-) 
  IF/add_35_22_Y_add_40_22_g750/Y                    -       B->Y   R     XNOR2X1        1  0.3    24   124   16181    (-,-) 
  IF/pc/PC_reg[31]/D                                 <<<     -      R     DFFRHQX1       1    -     -     0   16181    (-,-) 
#----------------------------------------------------------------------------------------------------------------------------

