============================================================
  Generated by:           Genus(TM) Synthesis Solution 22.17-s071_1
  Generated on:           Jan 16 2026  08:33:21 pm
  Module:                 topo
  Operating conditions:   PVT_0P9V_125C (balanced_tree)
  Wireload mode:          enclosed
  Area mode:              timing library
============================================================


Path 1: MET (3144 ps) Setup Check with Pin IF/pc/PC_reg[31]/CK->D
          Group: clk
     Startpoint: (R) EXMEM_rd_EXMEM_reg[0]/CK
          Clock: (R) clk
       Endpoint: (R) IF/pc/PC_reg[31]/D
          Clock: (R) clk

                     Capture       Launch     
        Clock Edge:+   20000            0     
       Src Latency:+    1000         1000     
       Net Latency:+       0 (I)        0 (I) 
           Arrival:=   21000         1000     
                                              
             Setup:-    -429                  
       Uncertainty:-    2000                  
     Required Time:=   19429                  
      Launch Clock:-    1000                  
         Data Path:-   15286                  
             Slack:=    3144                  

#----------------------------------------------------------------------------------------------------------------------------
#                   Timing Point                     Flags    Arc   Edge   Cell     Fanout Load Trans Delay Arrival Instance 
#                                                                                          (fF)  (ps)  (ps)   (ps)  Location 
#----------------------------------------------------------------------------------------------------------------------------
  EXMEM_rd_EXMEM_reg[0]/CK                           -       -      R     (arrival)   4352    -  2000     0    1000    (-,-) 
  EXMEM_rd_EXMEM_reg[0]/Q                            -       CK->Q  F     DFFHQX1       15  5.3   143  1283    2283    (-,-) 
  g33862/Y                                           -       A->Y   R     INVX1          3  0.8    48    98    2381    (-,-) 
  g33778/Y                                           -       A->Y   F     NOR2XL         1  0.3    42    60    2441    (-,-) 
  g33737/Y                                           -       C0->Y  R     AOI221X1       1  0.2    88    88    2529    (-,-) 
  g33733/Y                                           -       D->Y   F     NAND4XL        1  0.2   179   162    2691    (-,-) 
  g33732/Y                                           -       B->Y   F     OR2X2         54 13.3   194   292    2983    (-,-) 
  g33731/Y                                           -       A->Y   R     INVX1         24  8.2   207   213    3196    (-,-) 
  g33678/Y                                           -       B->Y   F     NAND2X1        2  0.7    91   165    3361    (-,-) 
  g33583/Y                                           -       B0->Y  R     OAI2BB1X1      1  0.2    34    69    3429    (-,-) 
  g33457/Y                                           -       A->Y   R     CLKMX2X2      37 14.4   182   285    3715    (-,-) 
  EXMEM_alu_sub_12_31_Y_EXMEM_alu_add_11_31_g3426/Y  -       S0->Y  R     MXI2XL         1  0.6   101   162    3876    (-,-) 
  EXMEM_alu_sub_12_31_Y_EXMEM_alu_add_11_31_g3409/CO -       CI->CO R     ADDFX1         1  0.6    39   218    4094    (-,-) 
  EXMEM_alu_sub_12_31_Y_EXMEM_alu_add_11_31_g3408/CO -       CI->CO R     ADDFX1         1  0.6    39   186    4280    (-,-) 
  EXMEM_alu_sub_12_31_Y_EXMEM_alu_add_11_31_g3407/CO -       CI->CO R     ADDFX1         1  0.6    39   186    4466    (-,-) 
  EXMEM_alu_sub_12_31_Y_EXMEM_alu_add_11_31_g3406/CO -       CI->CO R     ADDFX1         1  0.6    39   186    4652    (-,-) 
  EXMEM_alu_sub_12_31_Y_EXMEM_alu_add_11_31_g3405/CO -       CI->CO R     ADDFX1         1  0.6    39   186    4838    (-,-) 
  EXMEM_alu_sub_12_31_Y_EXMEM_alu_add_11_31_g3404/CO -       CI->CO R     ADDFX1         1  0.6    39   186    5024    (-,-) 
  EXMEM_alu_sub_12_31_Y_EXMEM_alu_add_11_31_g3403/CO -       CI->CO R     ADDFX1         1  0.6    39   186    5210    (-,-) 
  EXMEM_alu_sub_12_31_Y_EXMEM_alu_add_11_31_g3402/CO -       CI->CO R     ADDFX1         1  0.6    39   186    5396    (-,-) 
  EXMEM_alu_sub_12_31_Y_EXMEM_alu_add_11_31_g3401/CO -       CI->CO R     ADDFX1         1  0.6    39   186    5582    (-,-) 
  EXMEM_alu_sub_12_31_Y_EXMEM_alu_add_11_31_g3400/CO -       CI->CO R     ADDFX1         1  0.6    39   186    5768    (-,-) 
  EXMEM_alu_sub_12_31_Y_EXMEM_alu_add_11_31_g3399/CO -       CI->CO R     ADDFX1         1  0.6    39   186    5954    (-,-) 
  EXMEM_alu_sub_12_31_Y_EXMEM_alu_add_11_31_g3398/CO -       CI->CO R     ADDFX1         1  0.6    39   186    6140    (-,-) 
  EXMEM_alu_sub_12_31_Y_EXMEM_alu_add_11_31_g3397/CO -       CI->CO R     ADDFX1         1  0.6    39   186    6326    (-,-) 
  EXMEM_alu_sub_12_31_Y_EXMEM_alu_add_11_31_g3396/CO -       CI->CO R     ADDFX1         1  0.6    39   186    6512    (-,-) 
  EXMEM_alu_sub_12_31_Y_EXMEM_alu_add_11_31_g3395/CO -       CI->CO R     ADDFX1         1  0.6    39   186    6698    (-,-) 
  EXMEM_alu_sub_12_31_Y_EXMEM_alu_add_11_31_g3394/CO -       CI->CO R     ADDFX1         1  0.6    39   186    6884    (-,-) 
  EXMEM_alu_sub_12_31_Y_EXMEM_alu_add_11_31_g3393/CO -       CI->CO R     ADDFX1         1  0.6    39   186    7070    (-,-) 
  EXMEM_alu_sub_12_31_Y_EXMEM_alu_add_11_31_g3392/CO -       CI->CO R     ADDFX1         1  0.6    39   186    7256    (-,-) 
  EXMEM_alu_sub_12_31_Y_EXMEM_alu_add_11_31_g3391/CO -       CI->CO R     ADDFX1         1  0.6    39   186    7442    (-,-) 
  EXMEM_alu_sub_12_31_Y_EXMEM_alu_add_11_31_g3390/CO -       CI->CO R     ADDFX1         1  0.6    39   186    7628    (-,-) 
  EXMEM_alu_sub_12_31_Y_EXMEM_alu_add_11_31_g3389/CO -       CI->CO R     ADDFX1         1  0.6    39   186    7814    (-,-) 
  EXMEM_alu_sub_12_31_Y_EXMEM_alu_add_11_31_g3388/CO -       CI->CO R     ADDFX1         1  0.6    39   186    8000    (-,-) 
  EXMEM_alu_sub_12_31_Y_EXMEM_alu_add_11_31_g3387/CO -       CI->CO R     ADDFX1         1  0.6    39   186    8186    (-,-) 
  EXMEM_alu_sub_12_31_Y_EXMEM_alu_add_11_31_g3386/CO -       CI->CO R     ADDFX1         1  0.6    39   186    8372    (-,-) 
  EXMEM_alu_sub_12_31_Y_EXMEM_alu_add_11_31_g3385/CO -       CI->CO R     ADDFX1         1  0.6    39   186    8558    (-,-) 
  EXMEM_alu_sub_12_31_Y_EXMEM_alu_add_11_31_g3384/CO -       CI->CO R     ADDFX1         1  0.6    39   186    8744    (-,-) 
  EXMEM_alu_sub_12_31_Y_EXMEM_alu_add_11_31_g3383/CO -       CI->CO R     ADDFX1         1  0.6    39   186    8930    (-,-) 
  EXMEM_alu_sub_12_31_Y_EXMEM_alu_add_11_31_g3382/CO -       CI->CO R     ADDFX1         1  0.6    39   186    9116    (-,-) 
  EXMEM_alu_sub_12_31_Y_EXMEM_alu_add_11_31_g3381/CO -       CI->CO R     ADDFX1         1  0.6    39   186    9302    (-,-) 
  EXMEM_alu_sub_12_31_Y_EXMEM_alu_add_11_31_g3380/CO -       CI->CO R     ADDFX1         1  0.6    39   186    9488    (-,-) 
  EXMEM_alu_sub_12_31_Y_EXMEM_alu_add_11_31_g3379/CO -       CI->CO R     ADDFX1         1  0.4    35   184    9672    (-,-) 
  EXMEM_alu_sub_12_31_Y_EXMEM_alu_add_11_31_g3378/Y  -       B->Y   F     XNOR2X1        1  0.2    23   127    9798    (-,-) 
  g30367/Y                                           -       A1N->Y F     OAI2BB1X1      2  0.6    72    92    9890    (-,-) 
  g30337/Y                                           -       D->Y   R     NOR4X1         1  0.2   103    93    9983    (-,-) 
  IF/g282/Y                                          -       B->Y   R     AND2X2        55 18.0   214   298   10281    (-,-) 
  IF/g274/Y                                          -       B->Y   R     AND2XL         2  0.4    27   189   10470    (-,-) 
  IF/add_35_22_Y_add_40_22_g783/Y                    -       B->Y   R     AND2XL         2  0.8    41   112   10582    (-,-) 
  IF/add_35_22_Y_add_40_22_g780/CO                   -       CI->CO R     ADDFX1         1  0.6    39   187   10770    (-,-) 
  IF/add_35_22_Y_add_40_22_g779/CO                   -       CI->CO R     ADDFX1         1  0.6    39   186   10956    (-,-) 
  IF/add_35_22_Y_add_40_22_g778/CO                   -       CI->CO R     ADDFX1         1  0.6    39   186   11142    (-,-) 
  IF/add_35_22_Y_add_40_22_g777/CO                   -       CI->CO R     ADDFX1         1  0.6    39   186   11328    (-,-) 
  IF/add_35_22_Y_add_40_22_g776/CO                   -       CI->CO R     ADDFX1         1  0.6    39   186   11514    (-,-) 
  IF/add_35_22_Y_add_40_22_g775/CO                   -       CI->CO R     ADDFX1         1  0.6    39   186   11700    (-,-) 
  IF/add_35_22_Y_add_40_22_g774/CO                   -       CI->CO R     ADDFX1         1  0.6    39   186   11886    (-,-) 
  IF/add_35_22_Y_add_40_22_g773/CO                   -       CI->CO R     ADDFX1         1  0.6    39   186   12072    (-,-) 
  IF/add_35_22_Y_add_40_22_g772/CO                   -       CI->CO R     ADDFX1         1  0.6    39   186   12258    (-,-) 
  IF/add_35_22_Y_add_40_22_g771/CO                   -       CI->CO R     ADDFX1         1  0.6    39   186   12444    (-,-) 
  IF/add_35_22_Y_add_40_22_g770/CO                   -       CI->CO R     ADDFX1         1  0.6    39   186   12630    (-,-) 
  IF/add_35_22_Y_add_40_22_g769/CO                   -       CI->CO R     ADDFX1         1  0.6    39   186   12816    (-,-) 
  IF/add_35_22_Y_add_40_22_g768/CO                   -       CI->CO R     ADDFX1         1  0.6    39   186   13002    (-,-) 
  IF/add_35_22_Y_add_40_22_g767/CO                   -       CI->CO R     ADDFX1         1  0.6    39   186   13188    (-,-) 
  IF/add_35_22_Y_add_40_22_g766/CO                   -       CI->CO R     ADDFX1         1  0.6    39   186   13374    (-,-) 
  IF/add_35_22_Y_add_40_22_g765/CO                   -       CI->CO R     ADDFX1         1  0.6    39   186   13560    (-,-) 
  IF/add_35_22_Y_add_40_22_g764/CO                   -       CI->CO R     ADDFX1         1  0.6    39   186   13746    (-,-) 
  IF/add_35_22_Y_add_40_22_g763/CO                   -       CI->CO R     ADDFX1         1  0.6    39   186   13932    (-,-) 
  IF/add_35_22_Y_add_40_22_g762/CO                   -       CI->CO R     ADDFX1         1  0.6    39   186   14118    (-,-) 
  IF/add_35_22_Y_add_40_22_g761/CO                   -       CI->CO R     ADDFX1         1  0.6    39   186   14304    (-,-) 
  IF/add_35_22_Y_add_40_22_g760/CO                   -       CI->CO R     ADDFX1         1  0.6    39   186   14490    (-,-) 
  IF/add_35_22_Y_add_40_22_g759/CO                   -       CI->CO R     ADDFX1         1  0.6    39   186   14676    (-,-) 
  IF/add_35_22_Y_add_40_22_g758/CO                   -       CI->CO R     ADDFX1         1  0.6    39   186   14862    (-,-) 
  IF/add_35_22_Y_add_40_22_g757/CO                   -       CI->CO R     ADDFX1         1  0.6    39   186   15048    (-,-) 
  IF/add_35_22_Y_add_40_22_g756/CO                   -       CI->CO R     ADDFX1         1  0.6    39   186   15234    (-,-) 
  IF/add_35_22_Y_add_40_22_g755/CO                   -       CI->CO R     ADDFX1         1  0.6    39   186   15420    (-,-) 
  IF/add_35_22_Y_add_40_22_g754/CO                   -       CI->CO R     ADDFX1         1  0.6    39   186   15606    (-,-) 
  IF/add_35_22_Y_add_40_22_g753/CO                   -       CI->CO R     ADDFX1         1  0.6    39   186   15792    (-,-) 
  IF/add_35_22_Y_add_40_22_g752/CO                   -       CI->CO R     ADDFX1         1  0.6    39   186   15978    (-,-) 
  IF/add_35_22_Y_add_40_22_g751/CO                   -       CI->CO R     ADDFX1         1  0.4    35   184   16162    (-,-) 
  IF/add_35_22_Y_add_40_22_g750/Y                    -       B->Y   R     XNOR2X1        1  0.3    24   124   16286    (-,-) 
  IF/pc/PC_reg[31]/D                                 <<<     -      R     DFFRHQX1       1    -     -     0   16286    (-,-) 
#----------------------------------------------------------------------------------------------------------------------------

