============================================================
  Generated by:           Genus(TM) Synthesis Solution 22.17-s071_1
  Generated on:           Jan 16 2026  08:33:21 pm
  Module:                 topo
  Operating conditions:   PVT_0P9V_125C (balanced_tree)
  Wireload mode:          enclosed
  Area mode:              timing library
============================================================

Timing
--------

Clock  Period 
--------------
clk   20000.0 


  Cost    Critical         Violating 
 Group   Path Slack  TNS     Paths   
-------------------------------------
clk          3143.5   0.0          0 
default    No paths   0.0            
-------------------------------------
Total                 0.0          0 

Instance Count
--------------
Leaf Instance Count             14762 
Physical Instance count             0 
Sequential Instance Count        4352 
Combinational Instance Count    10410 
Hierarchical Instance Count        12 

Area
----
Cell Area                          57123.576
Physical Cell Area                 0.000
Total Cell Area (Cell+Physical)    57123.576
Net Area                           0.000
Total Area (Cell+Physical+Net)     57123.576

Max Fanout                         4352 (clk)
Min Fanout                         0 (MemWrite)
Average Fanout                     3.2
Terms to net ratio                 4.5545
Terms to instance ratio            4.6689
Runtime                            314.7930510000001 seconds
Elapsed Runtime                    304 seconds
Genus peak memory usage            2631.96 
Innovus peak memory usage          no_value 
Hostname                           localhost
