============================================================
  Generated by:           Genus(TM) Synthesis Solution 22.17-s071_1
  Generated on:           Jan 16 2026  08:30:52 pm
  Module:                 topo
  Operating conditions:   PVT_0P9V_125C (balanced_tree)
  Wireload mode:          enclosed
  Area mode:              timing library
============================================================

        Instance                 Module          Cell Count  Cell Area  Net Area   Total Area   Wireload  
----------------------------------------------------------------------------------------------------------
topo                                                  14774  57119.198     0.000    57119.198 <none> (D)  
  EXMEM_dmemory_mem_inst memByteAddressable32WF           4     10.944     0.000       10.944 <none> (D)  
  ID                     InstructionDecode             6954  28858.302     0.000    28858.302 <none> (D)  
    control              Control_Unit                    57     83.790     0.000       83.790 <none> (D)  
      fpudecoder         FPU_Decoder                     28     40.356     0.000       40.356 <none> (D)  
      maindecoder        Main_Decoder                    19     29.070     0.000       29.070 <none> (D)  
      uladecoder         ULA_Decoder                     10     14.364     0.000       14.364 <none> (D)  
    rff                  register_file_916             3464  14387.598     0.000    14387.598 <none> (D)  
    rfx                  register_file                 3414  14353.398     0.000    14353.398 <none> (D)  
    signextend           SignExtend                      19     33.516     0.000       33.516 <none> (D)  
  IF                     InstructionFetch              3717  18780.588     0.000    18780.588 <none> (D)  
    IMemory              instruction_memory            3627  18388.998     0.000    18388.998 <none> (D)  
    pc                   PC                              33    197.676     0.000      197.676 <none> (D)  
  (D) = wireload is default in technology library
