============================================================
  Generated by:           Genus(TM) Synthesis Solution 22.17-s071_1
  Generated on:           Jan 16 2026  08:29:58 pm
  Module:                 topo
  Operating conditions:   PVT_0P9V_125C (balanced_tree)
  Wireload mode:          enclosed
  Area mode:              timing library
============================================================


Path 1: MET (11031 ps) Setup Check with Pin ID/rfx/register_reg[31][31]/clk->sena
          Group: clk
     Startpoint: (R) EXMEM_rd_EXMEM_reg[4]/clk
          Clock: (R) clk
       Endpoint: (R) ID/rfx/register_reg[31][31]/sena
          Clock: (F) clk

                     Capture       Launch     
        Clock Edge:+   15000            0     
       Src Latency:+    1500         1500     
       Net Latency:+     900 (I)      900 (I) 
           Arrival:=   17400         2400     
                                              
             Setup:-     237                  
       Uncertainty:-    3000                  
     Required Time:=   14163                  
      Launch Clock:-    2400                  
         Data Path:-     732                  
             Slack:=   11031                  

#-------------------------------------------------------------------------------------------------------------------
#          Timing Point            Flags    Arc    Edge       Cell         Fanout Load Trans Delay Arrival Instance 
#                                                                                 (fF)  (ps)  (ps)   (ps)  Location 
#-------------------------------------------------------------------------------------------------------------------
  EXMEM_rd_EXMEM_reg[4]/clk        -       -       R     (arrival)           2370    -  3000     0    2400    (-,-) 
  EXMEM_rd_EXMEM_reg[4]/q          (u)     clk->q  R     unmapped_d_flop       13 13.0     0   366    2766    (-,-) 
  ID/rfx/g1634/z                   (u)     in_1->z F     unmapped_nand2         1  1.0     0    60    2826    (-,-) 
  ID/rfx/g1623/z                   (u)     in_0->z F     unmapped_complex2      5  5.0     0    88    2914    (-,-) 
  ID/rfx/g1615/z                   (u)     in_0->z F     unmapped_complex2      4  4.0     0    82    2996    (-,-) 
  ID/rfx/g1653/z                   (u)     in_1->z R     unmapped_nor2         32  8.0     0   136    3132    (-,-) 
  ID/rfx/register_reg[31][31]/sena <<<     -       R     unmapped_d_flop       32    -     -     0    3132    (-,-) 
#-------------------------------------------------------------------------------------------------------------------

(u) : Net has unmapped pin(s).

