============================================================
  Generated by:           Genus(TM) Synthesis Solution 22.17-s071_1
  Generated on:           Jan 16 2026  08:30:47 pm
  Module:                 topo
  Operating conditions:   PVT_0P9V_125C (balanced_tree)
  Wireload mode:          enclosed
  Area mode:              timing library
============================================================

Timing
--------

Clock  Period 
--------------
clk   30000.0 


  Cost    Critical         Violating 
 Group   Path Slack  TNS     Paths   
-------------------------------------
clk         10277.9   0.0          0 
default    No paths   0.0            
-------------------------------------
Total                 0.0          0 

Instance Count
--------------
Leaf Instance Count             14933 
Physical Instance count             0 
Sequential Instance Count        4352 
Combinational Instance Count    10581 
Hierarchical Instance Count        12 

Area
----
Cell Area                          57272.756
Physical Cell Area                 0.000
Total Cell Area (Cell+Physical)    57272.756
Net Area                           0.000
Total Area (Cell+Physical+Net)     57272.756

Max Fanout                         4352 (clk)
Min Fanout                         0 (MemWrite)
Average Fanout                     3.1
Terms to net ratio                 4.5397
Terms to instance ratio            4.6409
Runtime                            154.381862 seconds
Elapsed Runtime                    150 seconds
Genus peak memory usage            2555.55 
Innovus peak memory usage          no_value 
Hostname                           localhost
