============================================================
  Generated by:           Genus(TM) Synthesis Solution 22.17-s071_1
  Generated on:           Jan 16 2026  08:30:47 pm
  Module:                 topo
  Operating conditions:   PVT_0P9V_125C (balanced_tree)
  Wireload mode:          enclosed
  Area mode:              timing library
============================================================

        Instance                 Module          Cell Count  Cell Area  Net Area   Total Area   Wireload  
----------------------------------------------------------------------------------------------------------
topo                                                  14933  57272.756     0.000    57272.756 <none> (D)  
  EXMEM_dmemory_mem_inst memByteAddressable32WF           4     10.944     0.000       10.944 <none> (D)  
  ID                     InstructionDecode             7005  28893.528     0.000    28893.528 <none> (D)  
    control              Control_Unit                    58     84.816     0.000       84.816 <none> (D)  
      fpudecoder         FPU_Decoder                     29     41.382     0.000       41.382 <none> (D)  
      maindecoder        Main_Decoder                    19     29.070     0.000       29.070 <none> (D)  
      uladecoder         ULA_Decoder                     10     14.364     0.000       14.364 <none> (D)  
    rff                  register_file_916             3464  14387.598     0.000    14387.598 <none> (D)  
    rfx                  register_file                 3464  14387.598     0.000    14387.598 <none> (D)  
    signextend           SignExtend                      19     33.516     0.000       33.516 <none> (D)  
  IF                     InstructionFetch              3717  18802.476     0.000    18802.476 <none> (D)  
    IMemory              instruction_memory            3627  18388.998     0.000    18388.998 <none> (D)  
    pc                   PC                              33    219.564     0.000      219.564 <none> (D)  
  (D) = wireload is default in technology library
