============================================================
  Generated by:           Genus(TM) Synthesis Solution 22.17-s071_1
  Generated on:           Jan 16 2026  08:30:52 pm
  Module:                 topo
  Operating conditions:   PVT_0P9V_125C (balanced_tree)
  Wireload mode:          enclosed
  Area mode:              timing library
============================================================


Path 1: MET (10246 ps) Setup Check with Pin ID/rff/register_reg[31][29]/CKN->D
          Group: clk
     Startpoint: (R) RS2_reg[0]/CK
          Clock: (R) clk
       Endpoint: (F) ID/rff/register_reg[31][29]/D
          Clock: (F) clk

                     Capture       Launch     
        Clock Edge:+   15000            0     
       Src Latency:+    1500         1500     
       Net Latency:+     900 (I)      900 (I) 
           Arrival:=   17400         2400     
                                              
             Setup:-    -954                  
       Uncertainty:-    3000                  
     Required Time:=   15354                  
      Launch Clock:-    2400                  
         Data Path:-    2708                  
             Slack:=   10246                  

#------------------------------------------------------------------------------------------------------
#         Timing Point          Flags   Arc   Edge   Cell     Fanout Load Trans Delay Arrival Instance 
#                                                                    (fF)  (ps)  (ps)   (ps)  Location 
#------------------------------------------------------------------------------------------------------
  RS2_reg[0]/CK                 -       -     R     (arrival)   4352    -  3000     0    2400    (-,-) 
  RS2_reg[0]/Q                  -       CK->Q F     DFFQX2        32 16.0   214  1802    4202    (-,-) 
  g33848/Y                      -       S0->Y F     CLKMX2X6      36 47.3   268   423    4624    (-,-) 
  ID/rff/drc_bufs3983/Y         -       A->Y  R     INVX1          1  0.4    61   164    4789    (-,-) 
  ID/rff/drc_bufs3981/Y         -       A->Y  F     INVX1         31  6.2   172   130    4919    (-,-) 
  ID/rff/g3246/Y                -       B->Y  F     MX2XL          1  0.2    26   189    5108    (-,-) 
  ID/rff/register_reg[31][29]/D <<<     -     F     DFFNSRX1       1    -     -     0    5108    (-,-) 
#------------------------------------------------------------------------------------------------------

